14:55:25 **** Incremental Build of configuration Debug for project Lab1A ****
make all 
make: Nothing to be done for `all'.
14:55:31 **** Incremental Build of configuration Debug for project Lab1A ****
make all 
make: Nothing to be done for `all'.
14:55:31 **** Incremental Build of configuration Debug for project Test ****
make all 
make: Nothing to be done for `all'.
14:57:13 **** Incremental Build of configuration Debug for project Lab1A ****
make all 
make: Nothing to be done for `all'.
14:57:13 **** Incremental Build of configuration Debug for project Test ****
make all 
make: Nothing to be done for `all'.
14:57:22 **** Incremental Build of configuration Debug for project Lab1A ****
make all 
make: Nothing to be done for `all'.
14:57:22 **** Incremental Build of configuration Debug for project Test ****
make all 
make: Nothing to be done for `all'.
15:04:12 **** Incremental Build of configuration Debug for project Lab1A ****
make all 
make: Nothing to be done for `all'.
15:04:12 **** Incremental Build of configuration Debug for project Test ****
make all 
make: Nothing to be done for `all'.
15:13:40 **** Incremental Build of configuration Debug for project Lab1A ****
make all 
make: Nothing to be done for `all'.
15:14:27 **** Build of project test_bsp ****
make -k all 
Running Make include in microblaze_0/libsrc/bram_v4_1/src
make -C microblaze_0/libsrc/bram_v4_1/src -s include  "SHELL=/bin/sh" "COMPILER=mb-gcc" "ARCHIVER=mb-ar" "COMPILER_FLAGS= -O2 -c -mcpu=v9.6 -mlittle-endian -mno-xl-soft-mul -mxl-barrel-shift -mxl-pattern-compare" "EXTRA_COMPILER_FLAGS=-g"
Running Make include in microblaze_0/libsrc/cpu_v2_5/src
make -C microblaze_0/libsrc/cpu_v2_5/src -s include  "SHELL=/bin/sh" "COMPILER=mb-gcc" "ARCHIVER=mb-ar" "COMPILER_FLAGS= -O2 -c -mcpu=v9.6 -mlittle-endian -mno-xl-soft-mul -mxl-barrel-shift -mxl-pattern-compare" "EXTRA_COMPILER_FLAGS=-g"
Running Make include in microblaze_0/libsrc/gpio_v4_1/src
make -C microblaze_0/libsrc/gpio_v4_1/src -s include  "SHELL=/bin/sh" "COMPILER=mb-gcc" "ARCHIVER=mb-ar" "COMPILER_FLAGS= -O2 -c -mcpu=v9.6 -mlittle-endian -mno-xl-soft-mul -mxl-barrel-shift -mxl-pattern-compare" "EXTRA_COMPILER_FLAGS=-g"
Running Make include in microblaze_0/libsrc/intc_v3_5/src
make -C microblaze_0/libsrc/intc_v3_5/src -s include  "SHELL=/bin/sh" "COMPILER=mb-gcc" "ARCHIVER=mb-ar" "COMPILER_FLAGS= -O2 -c -mcpu=v9.6 -mlittle-endian -mno-xl-soft-mul -mxl-barrel-shift -mxl-pattern-compare" "EXTRA_COMPILER_FLAGS=-g"
Running Make include in microblaze_0/libsrc/sevenSeg_v1_0/src
make -C microblaze_0/libsrc/sevenSeg_v1_0/src -s include  "SHELL=/bin/sh" "COMPILER=mb-gcc" "ARCHIVER=mb-ar" "COMPILER_FLAGS= -O2 -c -mcpu=v9.6 -mlittle-endian -mno-xl-soft-mul -mxl-barrel-shift -mxl-pattern-compare" "EXTRA_COMPILER_FLAGS=-g"
Running Make include in microblaze_0/libsrc/standalone_v5_5/src
make -C microblaze_0/libsrc/standalone_v5_5/src -s include  "SHELL=/bin/sh" "COMPILER=mb-gcc" "ARCHIVER=mb-ar" "COMPILER_FLAGS= -O2 -c -mcpu=v9.6 -mlittle-endian -mno-xl-soft-mul -mxl-barrel-shift -mxl-pattern-compare" "EXTRA_COMPILER_FLAGS=-g"
Running Make include in microblaze_0/libsrc/tmrctr_v4_1/src
make -C microblaze_0/libsrc/tmrctr_v4_1/src -s include  "SHELL=/bin/sh" "COMPILER=mb-gcc" "ARCHIVER=mb-ar" "COMPILER_FLAGS= -O2 -c -mcpu=v9.6 -mlittle-endian -mno-xl-soft-mul -mxl-barrel-shift -mxl-pattern-compare" "EXTRA_COMPILER_FLAGS=-g"
Running Make include in microblaze_0/libsrc/uartlite_v3_2/src
make -C microblaze_0/libsrc/uartlite_v3_2/src -s include  "SHELL=/bin/sh" "COMPILER=mb-gcc" "ARCHIVER=mb-ar" "COMPILER_FLAGS= -O2 -c -mcpu=v9.6 -mlittle-endian -mno-xl-soft-mul -mxl-barrel-shift -mxl-pattern-compare" "EXTRA_COMPILER_FLAGS=-g"
Running Make libs in microblaze_0/libsrc/bram_v4_1/src
make -C microblaze_0/libsrc/bram_v4_1/src -s libs  "SHELL=/bin/sh" "COMPILER=mb-gcc" "ARCHIVER=mb-ar" "COMPILER_FLAGS= -O2 -c -mcpu=v9.6 -mlittle-endian -mno-xl-soft-mul -mxl-barrel-shift -mxl-pattern-compare" "EXTRA_COMPILER_FLAGS=-g"
Compiling bram
mb-ar: creating ../../../lib/libxil.a
Running Make libs in microblaze_0/libsrc/cpu_v2_5/src
make -C microblaze_0/libsrc/cpu_v2_5/src -s libs  "SHELL=/bin/sh" "COMPILER=mb-gcc" "ARCHIVER=mb-ar" "COMPILER_FLAGS= -O2 -c -mcpu=v9.6 -mlittle-endian -mno-xl-soft-mul -mxl-barrel-shift -mxl-pattern-compare" "EXTRA_COMPILER_FLAGS=-g"
Compiling cpu
Running Make libs in microblaze_0/libsrc/gpio_v4_1/src
make -C microblaze_0/libsrc/gpio_v4_1/src -s libs  "SHELL=/bin/sh" "COMPILER=mb-gcc" "ARCHIVER=mb-ar" "COMPILER_FLAGS= -O2 -c -mcpu=v9.6 -mlittle-endian -mno-xl-soft-mul -mxl-barrel-shift -mxl-pattern-compare" "EXTRA_COMPILER_FLAGS=-g"
Compiling gpio
Running Make libs in microblaze_0/libsrc/intc_v3_5/src
make -C microblaze_0/libsrc/intc_v3_5/src -s libs  "SHELL=/bin/sh" "COMPILER=mb-gcc" "ARCHIVER=mb-ar" "COMPILER_FLAGS= -O2 -c -mcpu=v9.6 -mlittle-endian -mno-xl-soft-mul -mxl-barrel-shift -mxl-pattern-compare" "EXTRA_COMPILER_FLAGS=-g"
Compiling intc
Running Make libs in microblaze_0/libsrc/sevenSeg_v1_0/src
make -C microblaze_0/libsrc/sevenSeg_v1_0/src -s libs  "SHELL=/bin/sh" "COMPILER=mb-gcc" "ARCHIVER=mb-ar" "COMPILER_FLAGS= -O2 -c -mcpu=v9.6 -mlittle-endian -mno-xl-soft-mul -mxl-barrel-shift -mxl-pattern-compare" "EXTRA_COMPILER_FLAGS=-g"
Compiling sevenSeg...
In file included from sevenSeg_selftest.c:3:0:
sevenSeg_selftest.c: In function 'SEVENSEG_Reg_SelfTest':
sevenSeg.h:46:4: warning: implicit declaration of function 'Xil_Out32' [-Wimplicit-function-declaration]
    Xil_Out32((BaseAddress) + (RegOffset), (u32)(Data))
    ^
sevenSeg_selftest.c:50:4: note: in expansion of macro 'SEVENSEG_mWriteReg'
    SEVENSEG_mWriteReg (baseaddr, write_loop_index*4, (write_loop_index+1)*READ_WRITE_MUL_FACTOR);
    ^
sevenSeg.h:66:5: warning: implicit declaration of function 'Xil_In32' [-Wimplicit-function-declaration]
     Xil_In32((BaseAddress) + (RegOffset))
     ^
sevenSeg_selftest.c:52:9: note: in expansion of macro 'SEVENSEG_mReadReg'
    if ( SEVENSEG_mReadReg (baseaddr, read_loop_index*4) != (read_loop_index+1)*READ_WRITE_MUL_FACTOR){
         ^
Running Make libs in microblaze_0/libsrc/standalone_v5_5/src
make -C microblaze_0/libsrc/standalone_v5_5/src -s libs  "SHELL=/bin/sh" "COMPILER=mb-gcc" "ARCHIVER=mb-ar" "COMPILER_FLAGS= -O2 -c -mcpu=v9.6 -mlittle-endian -mno-xl-soft-mul -mxl-barrel-shift -mxl-pattern-compare" "EXTRA_COMPILER_FLAGS=-g"
Compiling standalone
Running Make libs in microblaze_0/libsrc/tmrctr_v4_1/src
make -C microblaze_0/libsrc/tmrctr_v4_1/src -s libs  "SHELL=/bin/sh" "COMPILER=mb-gcc" "ARCHIVER=mb-ar" "COMPILER_FLAGS= -O2 -c -mcpu=v9.6 -mlittle-endian -mno-xl-soft-mul -mxl-barrel-shift -mxl-pattern-compare" "EXTRA_COMPILER_FLAGS=-g"
Compiling tmrctr
Running Make libs in microblaze_0/libsrc/uartlite_v3_2/src
make -C microblaze_0/libsrc/uartlite_v3_2/src -s libs  "SHELL=/bin/sh" "COMPILER=mb-gcc" "ARCHIVER=mb-ar" "COMPILER_FLAGS= -O2 -c -mcpu=v9.6 -mlittle-endian -mno-xl-soft-mul -mxl-barrel-shift -mxl-pattern-compare" "EXTRA_COMPILER_FLAGS=-g"
Compiling uartlite
Finished building libraries
15:14:33 **** Build of configuration Debug for project test ****
make all 
Building file: ../src/memory_config_g.c
Invoking: MicroBlaze gcc compiler
mb-gcc -Wall -O0 -g3 -c -fmessage-length=0 -MT"src/memory_config_g.o" -I../../test_bsp/microblaze_0/include -mlittle-endian -mxl-barrel-shift -mxl-pattern-compare -mcpu=v9.6 -mno-xl-soft-mul -Wl,--no-relax -MMD -MP -MF"src/memory_config_g.d" -MT"src/memory_config_g.o" -o "src/memory_config_g.o" "../src/memory_config_g.c"
Finished building: ../src/memory_config_g.c
 
Building file: ../src/memorytest.c
Invoking: MicroBlaze gcc compiler
mb-gcc -Wall -O0 -g3 -c -fmessage-length=0 -MT"src/memorytest.o" -I../../test_bsp/microblaze_0/include -mlittle-endian -mxl-barrel-shift -mxl-pattern-compare -mcpu=v9.6 -mno-xl-soft-mul -Wl,--no-relax -MMD -MP -MF"src/memorytest.d" -MT"src/memorytest.o" -o "src/memorytest.o" "../src/memorytest.c"
Finished building: ../src/memorytest.c
 
Building file: ../src/platform.c
Invoking: MicroBlaze gcc compiler
mb-gcc -Wall -O0 -g3 -c -fmessage-length=0 -MT"src/platform.o" -I../../test_bsp/microblaze_0/include -mlittle-endian -mxl-barrel-shift -mxl-pattern-compare -mcpu=v9.6 -mno-xl-soft-mul -Wl,--no-relax -MMD -MP -MF"src/platform.d" -MT"src/platform.o" -o "src/platform.o" "../src/platform.c"
Finished building: ../src/platform.c
 
Building target: test.elf
Invoking: MicroBlaze gcc linker
mb-gcc -Wl,-T -Wl,../src/lscript.ld -L../../test_bsp/microblaze_0/lib -mlittle-endian -mxl-barrel-shift -mxl-pattern-compare -mcpu=v9.6 -mno-xl-soft-mul -Wl,--no-relax -o "test.elf"  ./src/memory_config_g.o ./src/memorytest.o ./src/platform.o   -Wl,--start-group,-lxil,-lgcc,-lc,--end-group
Finished building target: test.elf
 
Invoking: MicroBlaze Print Size
mb-size test.elf  |tee "test.elf.size"
   text	   data	    bss	    dec	    hex	filename
  10946	    420	   1202	  12568	   3118	test.elf
Finished building: test.elf.size
 
15:14:35 **** Auto Build of configuration Debug for project test ****
make all 
make: Nothing to be done for `all'.
15:14:41 **** Incremental Build of configuration Debug for project Lab1A ****
make all 
make: Nothing to be done for `all'.
15:14:42 **** Incremental Build of configuration Debug for project test ****
make all 
make: Nothing to be done for `all'.
15:16:04 **** Incremental Build of configuration Debug for project Lab1A ****
make all 
make: Nothing to be done for `all'.
15:16:05 **** Incremental Build of configuration Debug for project test ****
make all 
make: Nothing to be done for `all'.
15:29:37 **** Auto Build of configuration Debug for project Lab1A ****
make all 
Building file: ../src/timing.c
Invoking: MicroBlaze gcc compiler
mb-gcc -Wall -O0 -g3 -c -fmessage-length=0 -MT"src/timing.o" -I../../Lab1A_bsp/microblaze_0/include -mlittle-endian -mxl-barrel-shift -mxl-pattern-compare -mcpu=v9.6 -mno-xl-soft-mul -Wl,--no-relax -MMD -MP -MF"src/timing.d" -MT"src/timing.o" -o "src/timing.o" "../src/timing.c"
In file included from ../src/extra.h:7:0,
                 from ../src/timing.c:13:
../../Lab1A_bsp/microblaze_0/include/xbasic_types.h:115:2: warning: #warning The xbasics_type.h file is deprecated and users should use xil_types.h and xil_assert. [-Wcpp]
 #warning  The xbasics_type.h file is deprecated and users should use xil_types.h and xil_assert.
  ^
../../Lab1A_bsp/microblaze_0/include/xbasic_types.h:116:2: warning: #warning Please refer the Standalone BSP UG647 for further details [-Wcpp]
 #warning  Please refer the Standalone BSP UG647 for further details
  ^
Finished building: ../src/timing.c
 
Building target: Lab1A.elf
Invoking: MicroBlaze gcc linker
mb-gcc -Wl,-T -Wl,../src/lscript.ld -L../../Lab1A_bsp/microblaze_0/lib -mlittle-endian -mxl-barrel-shift -mxl-pattern-compare -mcpu=v9.6 -mno-xl-soft-mul -Wl,--no-relax -o "Lab1A.elf"  ./src/extra.o ./src/platform.o ./src/sevenSeg.o ./src/timing.o   -Wl,--start-group,-lxil,-lgcc,-lc,--end-group
Finished building target: Lab1A.elf
 
Invoking: MicroBlaze Print Size
mb-size Lab1A.elf  |tee "Lab1A.elf.size"
   text	   data	    bss	    dec	    hex	filename
  17378	    456	   7326	  25160	   6248	Lab1A.elf
Finished building: Lab1A.elf.size
 
15:29:49 **** Incremental Build of configuration Debug for project Lab1A ****
make all 
make: Nothing to be done for `all'.
15:30:52 **** Auto Build of configuration Debug for project Lab1A ****
make all 
Building file: ../src/timing.c
Invoking: MicroBlaze gcc compiler
mb-gcc -Wall -O0 -g3 -c -fmessage-length=0 -MT"src/timing.o" -I../../Lab1A_bsp/microblaze_0/include -mlittle-endian -mxl-barrel-shift -mxl-pattern-compare -mcpu=v9.6 -mno-xl-soft-mul -Wl,--no-relax -MMD -MP -MF"src/timing.d" -MT"src/timing.o" -o "src/timing.o" "../src/timing.c"
In file included from ../src/extra.h:7:0,
                 from ../src/timing.c:13:
../../Lab1A_bsp/microblaze_0/include/xbasic_types.h:115:2: warning: #warning The xbasics_type.h file is deprecated and users should use xil_types.h and xil_assert. [-Wcpp]
 #warning  The xbasics_type.h file is deprecated and users should use xil_types.h and xil_assert.
  ^
../../Lab1A_bsp/microblaze_0/include/xbasic_types.h:116:2: warning: #warning Please refer the Standalone BSP UG647 for further details [-Wcpp]
 #warning  Please refer the Standalone BSP UG647 for further details
  ^
Finished building: ../src/timing.c
 
Building target: Lab1A.elf
Invoking: MicroBlaze gcc linker
mb-gcc -Wl,-T -Wl,../src/lscript.ld -L../../Lab1A_bsp/microblaze_0/lib -mlittle-endian -mxl-barrel-shift -mxl-pattern-compare -mcpu=v9.6 -mno-xl-soft-mul -Wl,--no-relax -o "Lab1A.elf"  ./src/extra.o ./src/platform.o ./src/sevenSeg.o ./src/timing.o   -Wl,--start-group,-lxil,-lgcc,-lc,--end-group
Finished building target: Lab1A.elf
 
Invoking: MicroBlaze Print Size
mb-size Lab1A.elf  |tee "Lab1A.elf.size"
   text	   data	    bss	    dec	    hex	filename
  17378	    456	   7326	  25160	   6248	Lab1A.elf
Finished building: Lab1A.elf.size
 
15:31:02 **** Incremental Build of configuration Debug for project Lab1A ****
make all 
make: Nothing to be done for `all'.
15:31:14 **** Auto Build of configuration Debug for project Lab1A ****
make all 
Building file: ../src/timing.c
Invoking: MicroBlaze gcc compiler
mb-gcc -Wall -O0 -g3 -c -fmessage-length=0 -MT"src/timing.o" -I../../Lab1A_bsp/microblaze_0/include -mlittle-endian -mxl-barrel-shift -mxl-pattern-compare -mcpu=v9.6 -mno-xl-soft-mul -Wl,--no-relax -MMD -MP -MF"src/timing.d" -MT"src/timing.o" -o "src/timing.o" "../src/timing.c"
In file included from ../src/extra.h:7:0,
                 from ../src/timing.c:13:
../../Lab1A_bsp/microblaze_0/include/xbasic_types.h:115:2: warning: #warning The xbasics_type.h file is deprecated and users should use xil_types.h and xil_assert. [-Wcpp]
 #warning  The xbasics_type.h file is deprecated and users should use xil_types.h and xil_assert.
  ^
../../Lab1A_bsp/microblaze_0/include/xbasic_types.h:116:2: warning: #warning Please refer the Standalone BSP UG647 for further details [-Wcpp]
 #warning  Please refer the Standalone BSP UG647 for further details
  ^
Finished building: ../src/timing.c
 
Building target: Lab1A.elf
Invoking: MicroBlaze gcc linker
mb-gcc -Wl,-T -Wl,../src/lscript.ld -L../../Lab1A_bsp/microblaze_0/lib -mlittle-endian -mxl-barrel-shift -mxl-pattern-compare -mcpu=v9.6 -mno-xl-soft-mul -Wl,--no-relax -o "Lab1A.elf"  ./src/extra.o ./src/platform.o ./src/sevenSeg.o ./src/timing.o   -Wl,--start-group,-lxil,-lgcc,-lc,--end-group
Finished building target: Lab1A.elf
 
Invoking: MicroBlaze Print Size
mb-size Lab1A.elf  |tee "Lab1A.elf.size"
   text	   data	    bss	    dec	    hex	filename
  17378	    456	   7326	  25160	   6248	Lab1A.elf
Finished building: Lab1A.elf.size
 
15:34:38 **** Incremental Build of configuration Debug for project Lab1A ****
make all 
make: Nothing to be done for `all'.
15:35:43 **** Auto Build of configuration Debug for project Lab1A ****
make all 
Building file: ../src/timing.c
Invoking: MicroBlaze gcc compiler
mb-gcc -Wall -O0 -g3 -c -fmessage-length=0 -MT"src/timing.o" -I../../Lab1A_bsp/microblaze_0/include -mlittle-endian -mxl-barrel-shift -mxl-pattern-compare -mcpu=v9.6 -mno-xl-soft-mul -Wl,--no-relax -MMD -MP -MF"src/timing.d" -MT"src/timing.o" -o "src/timing.o" "../src/timing.c"
In file included from ../src/extra.h:7:0,
                 from ../src/timing.c:13:
../../Lab1A_bsp/microblaze_0/include/xbasic_types.h:115:2: warning: #warning The xbasics_type.h file is deprecated and users should use xil_types.h and xil_assert. [-Wcpp]
 #warning  The xbasics_type.h file is deprecated and users should use xil_types.h and xil_assert.
  ^
../../Lab1A_bsp/microblaze_0/include/xbasic_types.h:116:2: warning: #warning Please refer the Standalone BSP UG647 for further details [-Wcpp]
 #warning  Please refer the Standalone BSP UG647 for further details
  ^
Finished building: ../src/timing.c
 
Building target: Lab1A.elf
Invoking: MicroBlaze gcc linker
mb-gcc -Wl,-T -Wl,../src/lscript.ld -L../../Lab1A_bsp/microblaze_0/lib -mlittle-endian -mxl-barrel-shift -mxl-pattern-compare -mcpu=v9.6 -mno-xl-soft-mul -Wl,--no-relax -o "Lab1A.elf"  ./src/extra.o ./src/platform.o ./src/sevenSeg.o ./src/timing.o   -Wl,--start-group,-lxil,-lgcc,-lc,--end-group
Finished building target: Lab1A.elf
 
Invoking: MicroBlaze Print Size
mb-size Lab1A.elf  |tee "Lab1A.elf.size"
   text	   data	    bss	    dec	    hex	filename
  17438	    456	   7320	  25214	   627e	Lab1A.elf
Finished building: Lab1A.elf.size
 
15:35:47 **** Auto Build of configuration Debug for project Lab1A ****
make all 
Building file: ../src/timing.c
Invoking: MicroBlaze gcc compiler
mb-gcc -Wall -O0 -g3 -c -fmessage-length=0 -MT"src/timing.o" -I../../Lab1A_bsp/microblaze_0/include -mlittle-endian -mxl-barrel-shift -mxl-pattern-compare -mcpu=v9.6 -mno-xl-soft-mul -Wl,--no-relax -MMD -MP -MF"src/timing.d" -MT"src/timing.o" -o "src/timing.o" "../src/timing.c"
In file included from ../src/extra.h:7:0,
                 from ../src/timing.c:13:
../../Lab1A_bsp/microblaze_0/include/xbasic_types.h:115:2: warning: #warning The xbasics_type.h file is deprecated and users should use xil_types.h and xil_assert. [-Wcpp]
 #warning  The xbasics_type.h file is deprecated and users should use xil_types.h and xil_assert.
  ^
../../Lab1A_bsp/microblaze_0/include/xbasic_types.h:116:2: warning: #warning Please refer the Standalone BSP UG647 for further details [-Wcpp]
 #warning  Please refer the Standalone BSP UG647 for further details
  ^
Finished building: ../src/timing.c
 
Building target: Lab1A.elf
Invoking: MicroBlaze gcc linker
mb-gcc -Wl,-T -Wl,../src/lscript.ld -L../../Lab1A_bsp/microblaze_0/lib -mlittle-endian -mxl-barrel-shift -mxl-pattern-compare -mcpu=v9.6 -mno-xl-soft-mul -Wl,--no-relax -o "Lab1A.elf"  ./src/extra.o ./src/platform.o ./src/sevenSeg.o ./src/timing.o   -Wl,--start-group,-lxil,-lgcc,-lc,--end-group
Finished building target: Lab1A.elf
 
Invoking: MicroBlaze Print Size
mb-size Lab1A.elf  |tee "Lab1A.elf.size"
   text	   data	    bss	    dec	    hex	filename
  17438	    456	   7320	  25214	   627e	Lab1A.elf
Finished building: Lab1A.elf.size
 
15:36:14 **** Incremental Build of configuration Debug for project Lab1A ****
make all 
make: Nothing to be done for `all'.
15:36:34 **** Auto Build of configuration Debug for project Lab1A ****
make all 
Building file: ../src/timing.c
Invoking: MicroBlaze gcc compiler
mb-gcc -Wall -O0 -g3 -c -fmessage-length=0 -MT"src/timing.o" -I../../Lab1A_bsp/microblaze_0/include -mlittle-endian -mxl-barrel-shift -mxl-pattern-compare -mcpu=v9.6 -mno-xl-soft-mul -Wl,--no-relax -MMD -MP -MF"src/timing.d" -MT"src/timing.o" -o "src/timing.o" "../src/timing.c"
In file included from ../src/extra.h:7:0,
                 from ../src/timing.c:13:
../../Lab1A_bsp/microblaze_0/include/xbasic_types.h:115:2: warning: #warning The xbasics_type.h file is deprecated and users should use xil_types.h and xil_assert. [-Wcpp]
 #warning  The xbasics_type.h file is deprecated and users should use xil_types.h and xil_assert.
  ^
../../Lab1A_bsp/microblaze_0/include/xbasic_types.h:116:2: warning: #warning Please refer the Standalone BSP UG647 for further details [-Wcpp]
 #warning  Please refer the Standalone BSP UG647 for further details
  ^
Finished building: ../src/timing.c
 
Building target: Lab1A.elf
Invoking: MicroBlaze gcc linker
mb-gcc -Wl,-T -Wl,../src/lscript.ld -L../../Lab1A_bsp/microblaze_0/lib -mlittle-endian -mxl-barrel-shift -mxl-pattern-compare -mcpu=v9.6 -mno-xl-soft-mul -Wl,--no-relax -o "Lab1A.elf"  ./src/extra.o ./src/platform.o ./src/sevenSeg.o ./src/timing.o   -Wl,--start-group,-lxil,-lgcc,-lc,--end-group
Finished building target: Lab1A.elf
 
Invoking: MicroBlaze Print Size
mb-size Lab1A.elf  |tee "Lab1A.elf.size"
   text	   data	    bss	    dec	    hex	filename
  17438	    456	   7320	  25214	   627e	Lab1A.elf
Finished building: Lab1A.elf.size
 
15:36:42 **** Incremental Build of configuration Debug for project Lab1A ****
make all 
make: Nothing to be done for `all'.
15:37:05 **** Incremental Build of configuration Debug for project Lab1A ****
make all 
make: Nothing to be done for `all'.
15:39:57 **** Auto Build of configuration Debug for project Lab1A ****
make all 
Building file: ../src/timing.c
Invoking: MicroBlaze gcc compiler
mb-gcc -Wall -O0 -g3 -c -fmessage-length=0 -MT"src/timing.o" -I../../Lab1A_bsp/microblaze_0/include -mlittle-endian -mxl-barrel-shift -mxl-pattern-compare -mcpu=v9.6 -mno-xl-soft-mul -Wl,--no-relax -MMD -MP -MF"src/timing.d" -MT"src/timing.o" -o "src/timing.o" "../src/timing.c"
In file included from ../src/extra.h:7:0,
                 from ../src/timing.c:13:
../../Lab1A_bsp/microblaze_0/include/xbasic_types.h:115:2: warning: #warning The xbasics_type.h file is deprecated and users should use xil_types.h and xil_assert. [-Wcpp]
 #warning  The xbasics_type.h file is deprecated and users should use xil_types.h and xil_assert.
  ^
../../Lab1A_bsp/microblaze_0/include/xbasic_types.h:116:2: warning: #warning Please refer the Standalone BSP UG647 for further details [-Wcpp]
 #warning  Please refer the Standalone BSP UG647 for further details
  ^
../src/timing.c: In function 'addAndMultiply':
../src/timing.c:246:17: warning: unused variable 'f' [-Wunused-variable]
     float d, e, f;
                 ^
../src/timing.c:246:14: warning: unused variable 'e' [-Wunused-variable]
     float d, e, f;
              ^
../src/timing.c:246:11: warning: unused variable 'd' [-Wunused-variable]
     float d, e, f;
           ^
../src/timing.c:245:15: warning: variable 'c' set but not used [-Wunused-but-set-variable]
     int a, b, c;
               ^
../src/timing.c:249:7: warning: 'a' is used uninitialized in this function [-Wuninitialized]
     c = a + b;
       ^
../src/timing.c:249:7: warning: 'b' is used uninitialized in this function [-Wuninitialized]
Finished building: ../src/timing.c
 
Building target: Lab1A.elf
Invoking: MicroBlaze gcc linker
mb-gcc -Wl,-T -Wl,../src/lscript.ld -L../../Lab1A_bsp/microblaze_0/lib -mlittle-endian -mxl-barrel-shift -mxl-pattern-compare -mcpu=v9.6 -mno-xl-soft-mul -Wl,--no-relax -o "Lab1A.elf"  ./src/extra.o ./src/platform.o ./src/sevenSeg.o ./src/timing.o   -Wl,--start-group,-lxil,-lgcc,-lc,--end-group
Finished building target: Lab1A.elf
 
Invoking: MicroBlaze Print Size
mb-size Lab1A.elf  |tee "Lab1A.elf.size"
   text	   data	    bss	    dec	    hex	filename
  32076	   1496	   7380	  40952	   9ff8	Lab1A.elf
Finished building: Lab1A.elf.size
 
15:41:45 **** Auto Build of configuration Debug for project Lab1A ****
make all 
Building file: ../src/timing.c
Invoking: MicroBlaze gcc compiler
mb-gcc -Wall -O0 -g3 -c -fmessage-length=0 -MT"src/timing.o" -I../../Lab1A_bsp/microblaze_0/include -mlittle-endian -mxl-barrel-shift -mxl-pattern-compare -mcpu=v9.6 -mno-xl-soft-mul -Wl,--no-relax -MMD -MP -MF"src/timing.d" -MT"src/timing.o" -o "src/timing.o" "../src/timing.c"
In file included from ../src/extra.h:7:0,
                 from ../src/timing.c:13:
../../Lab1A_bsp/microblaze_0/include/xbasic_types.h:115:2: warning: #warning The xbasics_type.h file is deprecated and users should use xil_types.h and xil_assert. [-Wcpp]
 #warning  The xbasics_type.h file is deprecated and users should use xil_types.h and xil_assert.
  ^
../../Lab1A_bsp/microblaze_0/include/xbasic_types.h:116:2: warning: #warning Please refer the Standalone BSP UG647 for further details [-Wcpp]
 #warning  Please refer the Standalone BSP UG647 for further details
  ^
../src/timing.c: In function 'addAndMultiply':
../src/timing.c:246:17: warning: variable 'f' set but not used [-Wunused-but-set-variable]
     float d, e, f;
                 ^
../src/timing.c:245:15: warning: variable 'c' set but not used [-Wunused-but-set-variable]
     int a, b, c;
               ^
../src/timing.c:249:7: warning: 'a' is used uninitialized in this function [-Wuninitialized]
     c = a + b;
       ^
../src/timing.c:249:7: warning: 'b' is used uninitialized in this function [-Wuninitialized]
../src/timing.c:256:7: warning: 'd' is used uninitialized in this function [-Wuninitialized]
     f = d + e;
       ^
../src/timing.c:256:7: warning: 'e' is used uninitialized in this function [-Wuninitialized]
Finished building: ../src/timing.c
 
Building target: Lab1A.elf
Invoking: MicroBlaze gcc linker
mb-gcc -Wl,-T -Wl,../src/lscript.ld -L../../Lab1A_bsp/microblaze_0/lib -mlittle-endian -mxl-barrel-shift -mxl-pattern-compare -mcpu=v9.6 -mno-xl-soft-mul -Wl,--no-relax -o "Lab1A.elf"  ./src/extra.o ./src/platform.o ./src/sevenSeg.o ./src/timing.o   -Wl,--start-group,-lxil,-lgcc,-lc,--end-group
Finished building target: Lab1A.elf
 
Invoking: MicroBlaze Print Size
mb-size Lab1A.elf  |tee "Lab1A.elf.size"
   text	   data	    bss	    dec	    hex	filename
  33612	   1496	   7380	  42488	   a5f8	Lab1A.elf
Finished building: Lab1A.elf.size
 
15:42:10 **** Auto Build of configuration Debug for project Lab1A ****
make all 
Building file: ../src/timing.c
Invoking: MicroBlaze gcc compiler
mb-gcc -Wall -O0 -g3 -c -fmessage-length=0 -MT"src/timing.o" -I../../Lab1A_bsp/microblaze_0/include -mlittle-endian -mxl-barrel-shift -mxl-pattern-compare -mcpu=v9.6 -mno-xl-soft-mul -Wl,--no-relax -MMD -MP -MF"src/timing.d" -MT"src/timing.o" -o "src/timing.o" "../src/timing.c"
In file included from ../src/extra.h:7:0,
                 from ../src/timing.c:13:
../../Lab1A_bsp/microblaze_0/include/xbasic_types.h:115:2: warning: #warning The xbasics_type.h file is deprecated and users should use xil_types.h and xil_assert. [-Wcpp]
 #warning  The xbasics_type.h file is deprecated and users should use xil_types.h and xil_assert.
  ^
../../Lab1A_bsp/microblaze_0/include/xbasic_types.h:116:2: warning: #warning Please refer the Standalone BSP UG647 for further details [-Wcpp]
 #warning  Please refer the Standalone BSP UG647 for further details
  ^
../src/timing.c: In function 'addAndMultiply':
../src/timing.c:246:17: warning: variable 'f' set but not used [-Wunused-but-set-variable]
     float d, e, f;
                 ^
../src/timing.c:245:15: warning: variable 'c' set but not used [-Wunused-but-set-variable]
     int a, b, c;
               ^
../src/timing.c:249:7: warning: 'a' is used uninitialized in this function [-Wuninitialized]
     c = a + b;
       ^
../src/timing.c:249:7: warning: 'b' is used uninitialized in this function [-Wuninitialized]
../src/timing.c:256:7: warning: 'd' is used uninitialized in this function [-Wuninitialized]
     f = d + e;
       ^
../src/timing.c:256:7: warning: 'e' is used uninitialized in this function [-Wuninitialized]
Finished building: ../src/timing.c
 
Building target: Lab1A.elf
Invoking: MicroBlaze gcc linker
mb-gcc -Wl,-T -Wl,../src/lscript.ld -L../../Lab1A_bsp/microblaze_0/lib -mlittle-endian -mxl-barrel-shift -mxl-pattern-compare -mcpu=v9.6 -mno-xl-soft-mul -Wl,--no-relax -o "Lab1A.elf"  ./src/extra.o ./src/platform.o ./src/sevenSeg.o ./src/timing.o   -Wl,--start-group,-lxil,-lgcc,-lc,--end-group
Finished building target: Lab1A.elf
 
Invoking: MicroBlaze Print Size
mb-size Lab1A.elf  |tee "Lab1A.elf.size"
   text	   data	    bss	    dec	    hex	filename
  34272	   1496	   7376	  43144	   a888	Lab1A.elf
Finished building: Lab1A.elf.size
 
15:42:31 **** Auto Build of configuration Debug for project Lab1A ****
make all 
Building file: ../src/timing.c
Invoking: MicroBlaze gcc compiler
mb-gcc -Wall -O0 -g3 -c -fmessage-length=0 -MT"src/timing.o" -I../../Lab1A_bsp/microblaze_0/include -mlittle-endian -mxl-barrel-shift -mxl-pattern-compare -mcpu=v9.6 -mno-xl-soft-mul -Wl,--no-relax -MMD -MP -MF"src/timing.d" -MT"src/timing.o" -o "src/timing.o" "../src/timing.c"
In file included from ../src/extra.h:7:0,
                 from ../src/timing.c:13:
../../Lab1A_bsp/microblaze_0/include/xbasic_types.h:115:2: warning: #warning The xbasics_type.h file is deprecated and users should use xil_types.h and xil_assert. [-Wcpp]
 #warning  The xbasics_type.h file is deprecated and users should use xil_types.h and xil_assert.
  ^
../../Lab1A_bsp/microblaze_0/include/xbasic_types.h:116:2: warning: #warning Please refer the Standalone BSP UG647 for further details [-Wcpp]
 #warning  Please refer the Standalone BSP UG647 for further details
  ^
../src/timing.c: In function 'addAndMultiply':
../src/timing.c:247:5: error: 'c' undeclared (first use in this function)
     c = a + b;
     ^
../src/timing.c:247:5: note: each undeclared identifier is reported only once for each function it appears in
../src/timing.c:247:9: error: 'a' undeclared (first use in this function)
     c = a + b;
         ^
../src/timing.c:247:13: error: 'b' undeclared (first use in this function)
     c = a + b;
             ^
../src/timing.c:253:5: error: 'f' undeclared (first use in this function)
     f = d + e;
     ^
../src/timing.c:253:9: error: 'd' undeclared (first use in this function)
     f = d + e;
         ^
../src/timing.c:253:13: error: 'e' undeclared (first use in this function)
     f = d + e;
             ^
make: *** [src/timing.o] Error 1
15:42:46 **** Auto Build of configuration Debug for project Lab1A ****
make all 
Building file: ../src/timing.c
Invoking: MicroBlaze gcc compiler
mb-gcc -Wall -O0 -g3 -c -fmessage-length=0 -MT"src/timing.o" -I../../Lab1A_bsp/microblaze_0/include -mlittle-endian -mxl-barrel-shift -mxl-pattern-compare -mcpu=v9.6 -mno-xl-soft-mul -Wl,--no-relax -MMD -MP -MF"src/timing.d" -MT"src/timing.o" -o "src/timing.o" "../src/timing.c"
In file included from ../src/extra.h:7:0,
                 from ../src/timing.c:13:
../../Lab1A_bsp/microblaze_0/include/xbasic_types.h:115:2: warning: #warning The xbasics_type.h file is deprecated and users should use xil_types.h and xil_assert. [-Wcpp]
 #warning  The xbasics_type.h file is deprecated and users should use xil_types.h and xil_assert.
  ^
../../Lab1A_bsp/microblaze_0/include/xbasic_types.h:116:2: warning: #warning Please refer the Standalone BSP UG647 for further details [-Wcpp]
 #warning  Please refer the Standalone BSP UG647 for further details
  ^
../src/timing.c: In function 'addAndMultiply':
../src/timing.c:250:5: error: 'c' undeclared (first use in this function)
     c = a + b;
     ^
../src/timing.c:250:5: note: each undeclared identifier is reported only once for each function it appears in
../src/timing.c:250:9: error: 'a' undeclared (first use in this function)
     c = a + b;
         ^
../src/timing.c:250:13: error: 'b' undeclared (first use in this function)
     c = a + b;
             ^
../src/timing.c:256:5: error: 'f' undeclared (first use in this function)
     f = d + e;
     ^
../src/timing.c:256:9: error: 'd' undeclared (first use in this function)
     f = d + e;
         ^
../src/timing.c:256:13: error: 'e' undeclared (first use in this function)
     f = d + e;
             ^
make: *** [src/timing.o] Error 1
15:42:51 **** Auto Build of configuration Debug for project Lab1A ****
make all 
Building file: ../src/timing.c
Invoking: MicroBlaze gcc compiler
mb-gcc -Wall -O0 -g3 -c -fmessage-length=0 -MT"src/timing.o" -I../../Lab1A_bsp/microblaze_0/include -mlittle-endian -mxl-barrel-shift -mxl-pattern-compare -mcpu=v9.6 -mno-xl-soft-mul -Wl,--no-relax -MMD -MP -MF"src/timing.d" -MT"src/timing.o" -o "src/timing.o" "../src/timing.c"
In file included from ../src/extra.h:7:0,
                 from ../src/timing.c:13:
../../Lab1A_bsp/microblaze_0/include/xbasic_types.h:115:2: warning: #warning The xbasics_type.h file is deprecated and users should use xil_types.h and xil_assert. [-Wcpp]
 #warning  The xbasics_type.h file is deprecated and users should use xil_types.h and xil_assert.
  ^
../../Lab1A_bsp/microblaze_0/include/xbasic_types.h:116:2: warning: #warning Please refer the Standalone BSP UG647 for further details [-Wcpp]
 #warning  Please refer the Standalone BSP UG647 for further details
  ^
../src/timing.c: In function 'main':
../src/timing.c:79:14: warning: unused variable 'f' [-Wunused-variable]
  float d, e, f;
              ^
../src/timing.c:79:11: warning: unused variable 'e' [-Wunused-variable]
  float d, e, f;
           ^
../src/timing.c:79:8: warning: unused variable 'd' [-Wunused-variable]
  float d, e, f;
        ^
../src/timing.c:78:12: warning: unused variable 'c' [-Wunused-variable]
  int a, b, c;
            ^
../src/timing.c:78:9: warning: unused variable 'b' [-Wunused-variable]
  int a, b, c;
         ^
../src/timing.c:78:6: warning: unused variable 'a' [-Wunused-variable]
  int a, b, c;
      ^
../src/timing.c: In function 'addAndMultiply':
../src/timing.c:250:5: error: 'c' undeclared (first use in this function)
     c = a + b;
     ^
../src/timing.c:250:5: note: each undeclared identifier is reported only once for each function it appears in
../src/timing.c:250:9: error: 'a' undeclared (first use in this function)
     c = a + b;
         ^
../src/timing.c:250:13: error: 'b' undeclared (first use in this function)
     c = a + b;
             ^
../src/timing.c:256:5: error: 'f' undeclared (first use in this function)
     f = d + e;
     ^
../src/timing.c:256:9: error: 'd' undeclared (first use in this function)
     f = d + e;
         ^
../src/timing.c:256:13: error: 'e' undeclared (first use in this function)
     f = d + e;
             ^
make: *** [src/timing.o] Error 1
15:43:32 **** Auto Build of configuration Debug for project Lab1A ****
make all 
Building file: ../src/timing.c
Invoking: MicroBlaze gcc compiler
mb-gcc -Wall -O0 -g3 -c -fmessage-length=0 -MT"src/timing.o" -I../../Lab1A_bsp/microblaze_0/include -mlittle-endian -mxl-barrel-shift -mxl-pattern-compare -mcpu=v9.6 -mno-xl-soft-mul -Wl,--no-relax -MMD -MP -MF"src/timing.d" -MT"src/timing.o" -o "src/timing.o" "../src/timing.c"
In file included from ../src/extra.h:7:0,
                 from ../src/timing.c:13:
../../Lab1A_bsp/microblaze_0/include/xbasic_types.h:115:2: warning: #warning The xbasics_type.h file is deprecated and users should use xil_types.h and xil_assert. [-Wcpp]
 #warning  The xbasics_type.h file is deprecated and users should use xil_types.h and xil_assert.
  ^
../../Lab1A_bsp/microblaze_0/include/xbasic_types.h:116:2: warning: #warning Please refer the Standalone BSP UG647 for further details [-Wcpp]
 #warning  Please refer the Standalone BSP UG647 for further details
  ^
../src/timing.c: In function 'main':
../src/timing.c:79:14: warning: unused variable 'f' [-Wunused-variable]
  float d, e, f;
              ^
../src/timing.c:79:11: warning: unused variable 'e' [-Wunused-variable]
  float d, e, f;
           ^
../src/timing.c:79:8: warning: unused variable 'd' [-Wunused-variable]
  float d, e, f;
        ^
../src/timing.c:78:12: warning: unused variable 'c' [-Wunused-variable]
  int a, b, c;
            ^
../src/timing.c:78:9: warning: unused variable 'b' [-Wunused-variable]
  int a, b, c;
         ^
../src/timing.c:78:6: warning: unused variable 'a' [-Wunused-variable]
  int a, b, c;
      ^
Finished building: ../src/timing.c
 
Building target: Lab1A.elf
Invoking: MicroBlaze gcc linker
mb-gcc -Wl,-T -Wl,../src/lscript.ld -L../../Lab1A_bsp/microblaze_0/lib -mlittle-endian -mxl-barrel-shift -mxl-pattern-compare -mcpu=v9.6 -mno-xl-soft-mul -Wl,--no-relax -o "Lab1A.elf"  ./src/extra.o ./src/platform.o ./src/sevenSeg.o ./src/timing.o   -Wl,--start-group,-lxil,-lgcc,-lc,--end-group
Finished building target: Lab1A.elf
 
Invoking: MicroBlaze Print Size
mb-size Lab1A.elf  |tee "Lab1A.elf.size"
   text	   data	    bss	    dec	    hex	filename
  32044	   1496	   7380	  40920	   9fd8	Lab1A.elf
Finished building: Lab1A.elf.size
 
16:11:55 **** Auto Build of configuration Debug for project Lab1A ****
make all 
Building file: ../src/timing.c
Invoking: MicroBlaze gcc compiler
mb-gcc -Wall -O0 -g3 -c -fmessage-length=0 -MT"src/timing.o" -I../../Lab1A_bsp/microblaze_0/include -mlittle-endian -mxl-barrel-shift -mxl-pattern-compare -mcpu=v9.6 -mno-xl-soft-mul -Wl,--no-relax -MMD -MP -MF"src/timing.d" -MT"src/timing.o" -o "src/timing.o" "../src/timing.c"
In file included from ../src/extra.h:7:0,
                 from ../src/timing.c:13:
../../Lab1A_bsp/microblaze_0/include/xbasic_types.h:115:2: warning: #warning The xbasics_type.h file is deprecated and users should use xil_types.h and xil_assert. [-Wcpp]
 #warning  The xbasics_type.h file is deprecated and users should use xil_types.h and xil_assert.
  ^
../../Lab1A_bsp/microblaze_0/include/xbasic_types.h:116:2: warning: #warning Please refer the Standalone BSP UG647 for further details [-Wcpp]
 #warning  Please refer the Standalone BSP UG647 for further details
  ^
Finished building: ../src/timing.c
 
Building target: Lab1A.elf
Invoking: MicroBlaze gcc linker
mb-gcc -Wl,-T -Wl,../src/lscript.ld -L../../Lab1A_bsp/microblaze_0/lib -mlittle-endian -mxl-barrel-shift -mxl-pattern-compare -mcpu=v9.6 -mno-xl-soft-mul -Wl,--no-relax -o "Lab1A.elf"  ./src/extra.o ./src/platform.o ./src/sevenSeg.o ./src/timing.o   -Wl,--start-group,-lxil,-lgcc,-lc,--end-group
Finished building target: Lab1A.elf
 
Invoking: MicroBlaze Print Size
mb-size Lab1A.elf  |tee "Lab1A.elf.size"
   text	   data	    bss	    dec	    hex	filename
  32076	   1508	   7392	  40976	   a010	Lab1A.elf
Finished building: Lab1A.elf.size
 
16:12:07 **** Auto Build of configuration Debug for project Lab1A ****
make all 
Building file: ../src/timing.c
Invoking: MicroBlaze gcc compiler
mb-gcc -Wall -O0 -g3 -c -fmessage-length=0 -MT"src/timing.o" -I../../Lab1A_bsp/microblaze_0/include -mlittle-endian -mxl-barrel-shift -mxl-pattern-compare -mcpu=v9.6 -mno-xl-soft-mul -Wl,--no-relax -MMD -MP -MF"src/timing.d" -MT"src/timing.o" -o "src/timing.o" "../src/timing.c"
In file included from ../src/extra.h:7:0,
                 from ../src/timing.c:13:
../../Lab1A_bsp/microblaze_0/include/xbasic_types.h:115:2: warning: #warning The xbasics_type.h file is deprecated and users should use xil_types.h and xil_assert. [-Wcpp]
 #warning  The xbasics_type.h file is deprecated and users should use xil_types.h and xil_assert.
  ^
../../Lab1A_bsp/microblaze_0/include/xbasic_types.h:116:2: warning: #warning Please refer the Standalone BSP UG647 for further details [-Wcpp]
 #warning  Please refer the Standalone BSP UG647 for further details
  ^
Finished building: ../src/timing.c
 
Building target: Lab1A.elf
Invoking: MicroBlaze gcc linker
mb-gcc -Wl,-T -Wl,../src/lscript.ld -L../../Lab1A_bsp/microblaze_0/lib -mlittle-endian -mxl-barrel-shift -mxl-pattern-compare -mcpu=v9.6 -mno-xl-soft-mul -Wl,--no-relax -o "Lab1A.elf"  ./src/extra.o ./src/platform.o ./src/sevenSeg.o ./src/timing.o   -Wl,--start-group,-lxil,-lgcc,-lc,--end-group
Finished building target: Lab1A.elf
 
Invoking: MicroBlaze Print Size
mb-size Lab1A.elf  |tee "Lab1A.elf.size"
   text	   data	    bss	    dec	    hex	filename
  32076	   1512	   7388	  40976	   a010	Lab1A.elf
Finished building: Lab1A.elf.size
 
16:12:18 **** Auto Build of configuration Debug for project Lab1A ****
make all 
Building file: ../src/timing.c
Invoking: MicroBlaze gcc compiler
mb-gcc -Wall -O0 -g3 -c -fmessage-length=0 -MT"src/timing.o" -I../../Lab1A_bsp/microblaze_0/include -mlittle-endian -mxl-barrel-shift -mxl-pattern-compare -mcpu=v9.6 -mno-xl-soft-mul -Wl,--no-relax -MMD -MP -MF"src/timing.d" -MT"src/timing.o" -o "src/timing.o" "../src/timing.c"
In file included from ../src/extra.h:7:0,
                 from ../src/timing.c:13:
../../Lab1A_bsp/microblaze_0/include/xbasic_types.h:115:2: warning: #warning The xbasics_type.h file is deprecated and users should use xil_types.h and xil_assert. [-Wcpp]
 #warning  The xbasics_type.h file is deprecated and users should use xil_types.h and xil_assert.
  ^
../../Lab1A_bsp/microblaze_0/include/xbasic_types.h:116:2: warning: #warning Please refer the Standalone BSP UG647 for further details [-Wcpp]
 #warning  Please refer the Standalone BSP UG647 for further details
  ^
Finished building: ../src/timing.c
 
Building target: Lab1A.elf
Invoking: MicroBlaze gcc linker
mb-gcc -Wl,-T -Wl,../src/lscript.ld -L../../Lab1A_bsp/microblaze_0/lib -mlittle-endian -mxl-barrel-shift -mxl-pattern-compare -mcpu=v9.6 -mno-xl-soft-mul -Wl,--no-relax -o "Lab1A.elf"  ./src/extra.o ./src/platform.o ./src/sevenSeg.o ./src/timing.o   -Wl,--start-group,-lxil,-lgcc,-lc,--end-group
Finished building target: Lab1A.elf
 
Invoking: MicroBlaze Print Size
mb-size Lab1A.elf  |tee "Lab1A.elf.size"
   text	   data	    bss	    dec	    hex	filename
  32076	   1512	   7388	  40976	   a010	Lab1A.elf
Finished building: Lab1A.elf.size
 
16:13:09 **** Auto Build of configuration Debug for project Lab1A ****
make all 
Building file: ../src/timing.c
Invoking: MicroBlaze gcc compiler
mb-gcc -Wall -O0 -g3 -c -fmessage-length=0 -MT"src/timing.o" -I../../Lab1A_bsp/microblaze_0/include -mlittle-endian -mxl-barrel-shift -mxl-pattern-compare -mcpu=v9.6 -mno-xl-soft-mul -Wl,--no-relax -MMD -MP -MF"src/timing.d" -MT"src/timing.o" -o "src/timing.o" "../src/timing.c"
In file included from ../src/extra.h:7:0,
                 from ../src/timing.c:13:
../../Lab1A_bsp/microblaze_0/include/xbasic_types.h:115:2: warning: #warning The xbasics_type.h file is deprecated and users should use xil_types.h and xil_assert. [-Wcpp]
 #warning  The xbasics_type.h file is deprecated and users should use xil_types.h and xil_assert.
  ^
../../Lab1A_bsp/microblaze_0/include/xbasic_types.h:116:2: warning: #warning Please refer the Standalone BSP UG647 for further details [-Wcpp]
 #warning  Please refer the Standalone BSP UG647 for further details
  ^
Finished building: ../src/timing.c
 
Building target: Lab1A.elf
Invoking: MicroBlaze gcc linker
mb-gcc -Wl,-T -Wl,../src/lscript.ld -L../../Lab1A_bsp/microblaze_0/lib -mlittle-endian -mxl-barrel-shift -mxl-pattern-compare -mcpu=v9.6 -mno-xl-soft-mul -Wl,--no-relax -o "Lab1A.elf"  ./src/extra.o ./src/platform.o ./src/sevenSeg.o ./src/timing.o   -Wl,--start-group,-lxil,-lgcc,-lc,--end-group
Finished building target: Lab1A.elf
 
Invoking: MicroBlaze Print Size
mb-size Lab1A.elf  |tee "Lab1A.elf.size"
   text	   data	    bss	    dec	    hex	filename
  32104	   1512	   7384	  41000	   a028	Lab1A.elf
Finished building: Lab1A.elf.size
 
16:15:36 **** Auto Build of configuration Debug for project Lab1A ****
make all 
Building file: ../src/timing.c
Invoking: MicroBlaze gcc compiler
mb-gcc -Wall -O0 -g3 -c -fmessage-length=0 -MT"src/timing.o" -I../../Lab1A_bsp/microblaze_0/include -mlittle-endian -mxl-barrel-shift -mxl-pattern-compare -mcpu=v9.6 -mno-xl-soft-mul -Wl,--no-relax -MMD -MP -MF"src/timing.d" -MT"src/timing.o" -o "src/timing.o" "../src/timing.c"
In file included from ../src/extra.h:7:0,
                 from ../src/timing.c:13:
../../Lab1A_bsp/microblaze_0/include/xbasic_types.h:115:2: warning: #warning The xbasics_type.h file is deprecated and users should use xil_types.h and xil_assert. [-Wcpp]
 #warning  The xbasics_type.h file is deprecated and users should use xil_types.h and xil_assert.
  ^
../../Lab1A_bsp/microblaze_0/include/xbasic_types.h:116:2: warning: #warning Please refer the Standalone BSP UG647 for further details [-Wcpp]
 #warning  Please refer the Standalone BSP UG647 for further details
  ^
Finished building: ../src/timing.c
 
Building target: Lab1A.elf
Invoking: MicroBlaze gcc linker
mb-gcc -Wl,-T -Wl,../src/lscript.ld -L../../Lab1A_bsp/microblaze_0/lib -mlittle-endian -mxl-barrel-shift -mxl-pattern-compare -mcpu=v9.6 -mno-xl-soft-mul -Wl,--no-relax -o "Lab1A.elf"  ./src/extra.o ./src/platform.o ./src/sevenSeg.o ./src/timing.o   -Wl,--start-group,-lxil,-lgcc,-lc,--end-group
Finished building target: Lab1A.elf
 
Invoking: MicroBlaze Print Size
mb-size Lab1A.elf  |tee "Lab1A.elf.size"
   text	   data	    bss	    dec	    hex	filename
  31984	   1512	   7384	  40880	   9fb0	Lab1A.elf
Finished building: Lab1A.elf.size
 
16:16:00 **** Auto Build of configuration Debug for project Lab1A ****
make all 
Building file: ../src/timing.c
Invoking: MicroBlaze gcc compiler
mb-gcc -Wall -O0 -g3 -c -fmessage-length=0 -MT"src/timing.o" -I../../Lab1A_bsp/microblaze_0/include -mlittle-endian -mxl-barrel-shift -mxl-pattern-compare -mcpu=v9.6 -mno-xl-soft-mul -Wl,--no-relax -MMD -MP -MF"src/timing.d" -MT"src/timing.o" -o "src/timing.o" "../src/timing.c"
In file included from ../src/extra.h:7:0,
                 from ../src/timing.c:13:
../../Lab1A_bsp/microblaze_0/include/xbasic_types.h:115:2: warning: #warning The xbasics_type.h file is deprecated and users should use xil_types.h and xil_assert. [-Wcpp]
 #warning  The xbasics_type.h file is deprecated and users should use xil_types.h and xil_assert.
  ^
../../Lab1A_bsp/microblaze_0/include/xbasic_types.h:116:2: warning: #warning Please refer the Standalone BSP UG647 for further details [-Wcpp]
 #warning  Please refer the Standalone BSP UG647 for further details
  ^
Finished building: ../src/timing.c
 
Building target: Lab1A.elf
Invoking: MicroBlaze gcc linker
mb-gcc -Wl,-T -Wl,../src/lscript.ld -L../../Lab1A_bsp/microblaze_0/lib -mlittle-endian -mxl-barrel-shift -mxl-pattern-compare -mcpu=v9.6 -mno-xl-soft-mul -Wl,--no-relax -o "Lab1A.elf"  ./src/extra.o ./src/platform.o ./src/sevenSeg.o ./src/timing.o   -Wl,--start-group,-lxil,-lgcc,-lc,--end-group
Finished building target: Lab1A.elf
 
Invoking: MicroBlaze Print Size
mb-size Lab1A.elf  |tee "Lab1A.elf.size"
   text	   data	    bss	    dec	    hex	filename
  31984	   1512	   7384	  40880	   9fb0	Lab1A.elf
Finished building: Lab1A.elf.size
 
16:16:07 **** Incremental Build of configuration Debug for project Lab1A ****
make all 
make: Nothing to be done for `all'.
16:19:56 **** Auto Build of configuration Debug for project Lab1A ****
make all 
Building file: ../src/timing.c
Invoking: MicroBlaze gcc compiler
mb-gcc -Wall -O0 -g3 -c -fmessage-length=0 -MT"src/timing.o" -I../../Lab1A_bsp/microblaze_0/include -mlittle-endian -mxl-barrel-shift -mxl-pattern-compare -mcpu=v9.6 -mno-xl-soft-mul -Wl,--no-relax -MMD -MP -MF"src/timing.d" -MT"src/timing.o" -o "src/timing.o" "../src/timing.c"
In file included from ../src/extra.h:7:0,
                 from ../src/timing.c:13:
../../Lab1A_bsp/microblaze_0/include/xbasic_types.h:115:2: warning: #warning The xbasics_type.h file is deprecated and users should use xil_types.h and xil_assert. [-Wcpp]
 #warning  The xbasics_type.h file is deprecated and users should use xil_types.h and xil_assert.
  ^
../../Lab1A_bsp/microblaze_0/include/xbasic_types.h:116:2: warning: #warning Please refer the Standalone BSP UG647 for further details [-Wcpp]
 #warning  Please refer the Standalone BSP UG647 for further details
  ^
../src/timing.c: In function 'blinkLED':
../src/timing.c:137:2: warning: implicit declaration of function 'delay' [-Wimplicit-function-declaration]
  delay(10);
  ^
Finished building: ../src/timing.c
 
Building target: Lab1A.elf
Invoking: MicroBlaze gcc linker
mb-gcc -Wl,-T -Wl,../src/lscript.ld -L../../Lab1A_bsp/microblaze_0/lib -mlittle-endian -mxl-barrel-shift -mxl-pattern-compare -mcpu=v9.6 -mno-xl-soft-mul -Wl,--no-relax -o "Lab1A.elf"  ./src/extra.o ./src/platform.o ./src/sevenSeg.o ./src/timing.o   -Wl,--start-group,-lxil,-lgcc,-lc,--end-group
./src/timing.o: In function `blinkLED':
/fs/student/mgdaily/Documents/ECE153/Lab1A/Lab1A_Project/Lab_1A_Project_Files/Lab_1A.sdk/Lab1A/Debug/../src/timing.c:137: undefined reference to `delay'
collect2: error: ld returned 1 exit status
make: *** [Lab1A.elf] Error 1
16:20:18 **** Auto Build of configuration Debug for project Lab1A ****
make all 
Building file: ../src/timing.c
Invoking: MicroBlaze gcc compiler
mb-gcc -Wall -O0 -g3 -c -fmessage-length=0 -MT"src/timing.o" -I../../Lab1A_bsp/microblaze_0/include -mlittle-endian -mxl-barrel-shift -mxl-pattern-compare -mcpu=v9.6 -mno-xl-soft-mul -Wl,--no-relax -MMD -MP -MF"src/timing.d" -MT"src/timing.o" -o "src/timing.o" "../src/timing.c"
In file included from ../src/extra.h:7:0,
                 from ../src/timing.c:13:
../../Lab1A_bsp/microblaze_0/include/xbasic_types.h:115:2: warning: #warning The xbasics_type.h file is deprecated and users should use xil_types.h and xil_assert. [-Wcpp]
 #warning  The xbasics_type.h file is deprecated and users should use xil_types.h and xil_assert.
  ^
../../Lab1A_bsp/microblaze_0/include/xbasic_types.h:116:2: warning: #warning Please refer the Standalone BSP UG647 for further details [-Wcpp]
 #warning  Please refer the Standalone BSP UG647 for further details
  ^
../src/timing.c: In function 'blinkLED':
../src/timing.c:137:2: warning: implicit declaration of function 'sleep' [-Wimplicit-function-declaration]
  sleep(10);
  ^
Finished building: ../src/timing.c
 
Building target: Lab1A.elf
Invoking: MicroBlaze gcc linker
mb-gcc -Wl,-T -Wl,../src/lscript.ld -L../../Lab1A_bsp/microblaze_0/lib -mlittle-endian -mxl-barrel-shift -mxl-pattern-compare -mcpu=v9.6 -mno-xl-soft-mul -Wl,--no-relax -o "Lab1A.elf"  ./src/extra.o ./src/platform.o ./src/sevenSeg.o ./src/timing.o   -Wl,--start-group,-lxil,-lgcc,-lc,--end-group
./src/timing.o: In function `blinkLED':
/fs/student/mgdaily/Documents/ECE153/Lab1A/Lab1A_Project/Lab_1A_Project_Files/Lab_1A.sdk/Lab1A/Debug/../src/timing.c:137: undefined reference to `sleep'
collect2: error: ld returned 1 exit status
make: *** [Lab1A.elf] Error 1
16:20:45 **** Auto Build of configuration Debug for project Lab1A ****
make all 
Building file: ../src/timing.c
Invoking: MicroBlaze gcc compiler
mb-gcc -Wall -O0 -g3 -c -fmessage-length=0 -MT"src/timing.o" -I../../Lab1A_bsp/microblaze_0/include -mlittle-endian -mxl-barrel-shift -mxl-pattern-compare -mcpu=v9.6 -mno-xl-soft-mul -Wl,--no-relax -MMD -MP -MF"src/timing.d" -MT"src/timing.o" -o "src/timing.o" "../src/timing.c"
In file included from ../src/extra.h:7:0,
                 from ../src/timing.c:13:
../../Lab1A_bsp/microblaze_0/include/xbasic_types.h:115:2: warning: #warning The xbasics_type.h file is deprecated and users should use xil_types.h and xil_assert. [-Wcpp]
 #warning  The xbasics_type.h file is deprecated and users should use xil_types.h and xil_assert.
  ^
../../Lab1A_bsp/microblaze_0/include/xbasic_types.h:116:2: warning: #warning Please refer the Standalone BSP UG647 for further details [-Wcpp]
 #warning  Please refer the Standalone BSP UG647 for further details
  ^
Finished building: ../src/timing.c
 
Building target: Lab1A.elf
Invoking: MicroBlaze gcc linker
mb-gcc -Wl,-T -Wl,../src/lscript.ld -L../../Lab1A_bsp/microblaze_0/lib -mlittle-endian -mxl-barrel-shift -mxl-pattern-compare -mcpu=v9.6 -mno-xl-soft-mul -Wl,--no-relax -o "Lab1A.elf"  ./src/extra.o ./src/platform.o ./src/sevenSeg.o ./src/timing.o   -Wl,--start-group,-lxil,-lgcc,-lc,--end-group
Finished building target: Lab1A.elf
 
Invoking: MicroBlaze Print Size
mb-size Lab1A.elf  |tee "Lab1A.elf.size"
   text	   data	    bss	    dec	    hex	filename
  32008	   1512	   7384	  40904	   9fc8	Lab1A.elf
Finished building: Lab1A.elf.size
 
16:21:13 **** Auto Build of configuration Debug for project Lab1A ****
make all 
Building file: ../src/timing.c
Invoking: MicroBlaze gcc compiler
mb-gcc -Wall -O0 -g3 -c -fmessage-length=0 -MT"src/timing.o" -I../../Lab1A_bsp/microblaze_0/include -mlittle-endian -mxl-barrel-shift -mxl-pattern-compare -mcpu=v9.6 -mno-xl-soft-mul -Wl,--no-relax -MMD -MP -MF"src/timing.d" -MT"src/timing.o" -o "src/timing.o" "../src/timing.c"
In file included from ../src/extra.h:7:0,
                 from ../src/timing.c:13:
../../Lab1A_bsp/microblaze_0/include/xbasic_types.h:115:2: warning: #warning The xbasics_type.h file is deprecated and users should use xil_types.h and xil_assert. [-Wcpp]
 #warning  The xbasics_type.h file is deprecated and users should use xil_types.h and xil_assert.
  ^
../../Lab1A_bsp/microblaze_0/include/xbasic_types.h:116:2: warning: #warning Please refer the Standalone BSP UG647 for further details [-Wcpp]
 #warning  Please refer the Standalone BSP UG647 for further details
  ^
Finished building: ../src/timing.c
 
Building target: Lab1A.elf
Invoking: MicroBlaze gcc linker
mb-gcc -Wl,-T -Wl,../src/lscript.ld -L../../Lab1A_bsp/microblaze_0/lib -mlittle-endian -mxl-barrel-shift -mxl-pattern-compare -mcpu=v9.6 -mno-xl-soft-mul -Wl,--no-relax -o "Lab1A.elf"  ./src/extra.o ./src/platform.o ./src/sevenSeg.o ./src/timing.o   -Wl,--start-group,-lxil,-lgcc,-lc,--end-group
Finished building target: Lab1A.elf
 
Invoking: MicroBlaze Print Size
mb-size Lab1A.elf  |tee "Lab1A.elf.size"
   text	   data	    bss	    dec	    hex	filename
  32044	   1512	   7388	  40944	   9ff0	Lab1A.elf
Finished building: Lab1A.elf.size
 
16:22:05 **** Auto Build of configuration Debug for project Lab1A ****
make all 
Building file: ../src/timing.c
Invoking: MicroBlaze gcc compiler
mb-gcc -Wall -O0 -g3 -c -fmessage-length=0 -MT"src/timing.o" -I../../Lab1A_bsp/microblaze_0/include -mlittle-endian -mxl-barrel-shift -mxl-pattern-compare -mcpu=v9.6 -mno-xl-soft-mul -Wl,--no-relax -MMD -MP -MF"src/timing.d" -MT"src/timing.o" -o "src/timing.o" "../src/timing.c"
In file included from ../src/extra.h:7:0,
                 from ../src/timing.c:13:
../../Lab1A_bsp/microblaze_0/include/xbasic_types.h:115:2: warning: #warning The xbasics_type.h file is deprecated and users should use xil_types.h and xil_assert. [-Wcpp]
 #warning  The xbasics_type.h file is deprecated and users should use xil_types.h and xil_assert.
  ^
../../Lab1A_bsp/microblaze_0/include/xbasic_types.h:116:2: warning: #warning Please refer the Standalone BSP UG647 for further details [-Wcpp]
 #warning  Please refer the Standalone BSP UG647 for further details
  ^
Finished building: ../src/timing.c
 
Building target: Lab1A.elf
Invoking: MicroBlaze gcc linker
mb-gcc -Wl,-T -Wl,../src/lscript.ld -L../../Lab1A_bsp/microblaze_0/lib -mlittle-endian -mxl-barrel-shift -mxl-pattern-compare -mcpu=v9.6 -mno-xl-soft-mul -Wl,--no-relax -o "Lab1A.elf"  ./src/extra.o ./src/platform.o ./src/sevenSeg.o ./src/timing.o   -Wl,--start-group,-lxil,-lgcc,-lc,--end-group
Finished building target: Lab1A.elf
 
Invoking: MicroBlaze Print Size
mb-size Lab1A.elf  |tee "Lab1A.elf.size"
   text	   data	    bss	    dec	    hex	filename
  32044	   1512	   7388	  40944	   9ff0	Lab1A.elf
Finished building: Lab1A.elf.size
 
16:22:10 **** Incremental Build of configuration Debug for project Lab1A ****
make all 
make: Nothing to be done for `all'.
16:24:07 **** Auto Build of configuration Debug for project Lab1A ****
make all 
Building file: ../src/timing.c
Invoking: MicroBlaze gcc compiler
mb-gcc -Wall -O0 -g3 -c -fmessage-length=0 -MT"src/timing.o" -I../../Lab1A_bsp/microblaze_0/include -mlittle-endian -mxl-barrel-shift -mxl-pattern-compare -mcpu=v9.6 -mno-xl-soft-mul -Wl,--no-relax -MMD -MP -MF"src/timing.d" -MT"src/timing.o" -o "src/timing.o" "../src/timing.c"
In file included from ../src/extra.h:7:0,
                 from ../src/timing.c:13:
../../Lab1A_bsp/microblaze_0/include/xbasic_types.h:115:2: warning: #warning The xbasics_type.h file is deprecated and users should use xil_types.h and xil_assert. [-Wcpp]
 #warning  The xbasics_type.h file is deprecated and users should use xil_types.h and xil_assert.
  ^
../../Lab1A_bsp/microblaze_0/include/xbasic_types.h:116:2: warning: #warning Please refer the Standalone BSP UG647 for further details [-Wcpp]
 #warning  Please refer the Standalone BSP UG647 for further details
  ^
Finished building: ../src/timing.c
 
Building target: Lab1A.elf
Invoking: MicroBlaze gcc linker
mb-gcc -Wl,-T -Wl,../src/lscript.ld -L../../Lab1A_bsp/microblaze_0/lib -mlittle-endian -mxl-barrel-shift -mxl-pattern-compare -mcpu=v9.6 -mno-xl-soft-mul -Wl,--no-relax -o "Lab1A.elf"  ./src/extra.o ./src/platform.o ./src/sevenSeg.o ./src/timing.o   -Wl,--start-group,-lxil,-lgcc,-lc,--end-group
Finished building target: Lab1A.elf
 
Invoking: MicroBlaze Print Size
mb-size Lab1A.elf  |tee "Lab1A.elf.size"
   text	   data	    bss	    dec	    hex	filename
  32044	   1512	   7388	  40944	   9ff0	Lab1A.elf
Finished building: Lab1A.elf.size
 
16:24:13 **** Incremental Build of configuration Debug for project Lab1A ****
make all 
make: Nothing to be done for `all'.
16:26:46 **** Auto Build of configuration Debug for project Lab1A ****
make all 
Building file: ../src/timing.c
Invoking: MicroBlaze gcc compiler
mb-gcc -Wall -O0 -g3 -c -fmessage-length=0 -MT"src/timing.o" -I../../Lab1A_bsp/microblaze_0/include -mlittle-endian -mxl-barrel-shift -mxl-pattern-compare -mcpu=v9.6 -mno-xl-soft-mul -Wl,--no-relax -MMD -MP -MF"src/timing.d" -MT"src/timing.o" -o "src/timing.o" "../src/timing.c"
In file included from ../src/extra.h:7:0,
                 from ../src/timing.c:13:
../../Lab1A_bsp/microblaze_0/include/xbasic_types.h:115:2: warning: #warning The xbasics_type.h file is deprecated and users should use xil_types.h and xil_assert. [-Wcpp]
 #warning  The xbasics_type.h file is deprecated and users should use xil_types.h and xil_assert.
  ^
../../Lab1A_bsp/microblaze_0/include/xbasic_types.h:116:2: warning: #warning Please refer the Standalone BSP UG647 for further details [-Wcpp]
 #warning  Please refer the Standalone BSP UG647 for further details
  ^
Finished building: ../src/timing.c
 
Building target: Lab1A.elf
Invoking: MicroBlaze gcc linker
mb-gcc -Wl,-T -Wl,../src/lscript.ld -L../../Lab1A_bsp/microblaze_0/lib -mlittle-endian -mxl-barrel-shift -mxl-pattern-compare -mcpu=v9.6 -mno-xl-soft-mul -Wl,--no-relax -o "Lab1A.elf"  ./src/extra.o ./src/platform.o ./src/sevenSeg.o ./src/timing.o   -Wl,--start-group,-lxil,-lgcc,-lc,--end-group
Finished building target: Lab1A.elf
 
Invoking: MicroBlaze Print Size
mb-size Lab1A.elf  |tee "Lab1A.elf.size"
   text	   data	    bss	    dec	    hex	filename
  32044	   1512	   7388	  40944	   9ff0	Lab1A.elf
Finished building: Lab1A.elf.size
 
16:29:19 **** Incremental Build of configuration Debug for project Lab1A ****
make all 
make: Nothing to be done for `all'.
16:30:20 **** Auto Build of configuration Debug for project Lab1A ****
make all 
Building file: ../src/timing.c
Invoking: MicroBlaze gcc compiler
mb-gcc -Wall -O0 -g3 -c -fmessage-length=0 -MT"src/timing.o" -I../../Lab1A_bsp/microblaze_0/include -mlittle-endian -mxl-barrel-shift -mxl-pattern-compare -mcpu=v9.6 -mno-xl-soft-mul -Wl,--no-relax -MMD -MP -MF"src/timing.d" -MT"src/timing.o" -o "src/timing.o" "../src/timing.c"
In file included from ../src/extra.h:7:0,
                 from ../src/timing.c:13:
../../Lab1A_bsp/microblaze_0/include/xbasic_types.h:115:2: warning: #warning The xbasics_type.h file is deprecated and users should use xil_types.h and xil_assert. [-Wcpp]
 #warning  The xbasics_type.h file is deprecated and users should use xil_types.h and xil_assert.
  ^
../../Lab1A_bsp/microblaze_0/include/xbasic_types.h:116:2: warning: #warning Please refer the Standalone BSP UG647 for further details [-Wcpp]
 #warning  Please refer the Standalone BSP UG647 for further details
  ^
Finished building: ../src/timing.c
 
Building target: Lab1A.elf
Invoking: MicroBlaze gcc linker
mb-gcc -Wl,-T -Wl,../src/lscript.ld -L../../Lab1A_bsp/microblaze_0/lib -mlittle-endian -mxl-barrel-shift -mxl-pattern-compare -mcpu=v9.6 -mno-xl-soft-mul -Wl,--no-relax -o "Lab1A.elf"  ./src/extra.o ./src/platform.o ./src/sevenSeg.o ./src/timing.o   -Wl,--start-group,-lxil,-lgcc,-lc,--end-group
Finished building target: Lab1A.elf
 
Invoking: MicroBlaze Print Size
mb-size Lab1A.elf  |tee "Lab1A.elf.size"
   text	   data	    bss	    dec	    hex	filename
  32044	   1512	   7388	  40944	   9ff0	Lab1A.elf
Finished building: Lab1A.elf.size
 
16:30:26 **** Incremental Build of configuration Debug for project Lab1A ****
make all 
make: Nothing to be done for `all'.
16:31:49 **** Incremental Build of configuration Debug for project Lab1A ****
make all 
make: Nothing to be done for `all'.
16:32:49 **** Auto Build of configuration Debug for project Lab1A ****
make all 
Building file: ../src/timing.c
Invoking: MicroBlaze gcc compiler
mb-gcc -Wall -O0 -g3 -c -fmessage-length=0 -MT"src/timing.o" -I../../Lab1A_bsp/microblaze_0/include -mlittle-endian -mxl-barrel-shift -mxl-pattern-compare -mcpu=v9.6 -mno-xl-soft-mul -Wl,--no-relax -MMD -MP -MF"src/timing.d" -MT"src/timing.o" -o "src/timing.o" "../src/timing.c"
In file included from ../src/extra.h:7:0,
                 from ../src/timing.c:13:
../../Lab1A_bsp/microblaze_0/include/xbasic_types.h:115:2: warning: #warning The xbasics_type.h file is deprecated and users should use xil_types.h and xil_assert. [-Wcpp]
 #warning  The xbasics_type.h file is deprecated and users should use xil_types.h and xil_assert.
  ^
../../Lab1A_bsp/microblaze_0/include/xbasic_types.h:116:2: warning: #warning Please refer the Standalone BSP UG647 for further details [-Wcpp]
 #warning  Please refer the Standalone BSP UG647 for further details
  ^
Finished building: ../src/timing.c
 
Building target: Lab1A.elf
Invoking: MicroBlaze gcc linker
mb-gcc -Wl,-T -Wl,../src/lscript.ld -L../../Lab1A_bsp/microblaze_0/lib -mlittle-endian -mxl-barrel-shift -mxl-pattern-compare -mcpu=v9.6 -mno-xl-soft-mul -Wl,--no-relax -o "Lab1A.elf"  ./src/extra.o ./src/platform.o ./src/sevenSeg.o ./src/timing.o   -Wl,--start-group,-lxil,-lgcc,-lc,--end-group
Finished building target: Lab1A.elf
 
Invoking: MicroBlaze Print Size
mb-size Lab1A.elf  |tee "Lab1A.elf.size"
   text	   data	    bss	    dec	    hex	filename
  33572	   1512	   7388	  42472	   a5e8	Lab1A.elf
Finished building: Lab1A.elf.size
 
16:33:02 **** Auto Build of configuration Debug for project Lab1A ****
make all 
Building file: ../src/timing.c
Invoking: MicroBlaze gcc compiler
mb-gcc -Wall -O0 -g3 -c -fmessage-length=0 -MT"src/timing.o" -I../../Lab1A_bsp/microblaze_0/include -mlittle-endian -mxl-barrel-shift -mxl-pattern-compare -mcpu=v9.6 -mno-xl-soft-mul -Wl,--no-relax -MMD -MP -MF"src/timing.d" -MT"src/timing.o" -o "src/timing.o" "../src/timing.c"
In file included from ../src/extra.h:7:0,
                 from ../src/timing.c:13:
../../Lab1A_bsp/microblaze_0/include/xbasic_types.h:115:2: warning: #warning The xbasics_type.h file is deprecated and users should use xil_types.h and xil_assert. [-Wcpp]
 #warning  The xbasics_type.h file is deprecated and users should use xil_types.h and xil_assert.
  ^
../../Lab1A_bsp/microblaze_0/include/xbasic_types.h:116:2: warning: #warning Please refer the Standalone BSP UG647 for further details [-Wcpp]
 #warning  Please refer the Standalone BSP UG647 for further details
  ^
Finished building: ../src/timing.c
 
Building target: Lab1A.elf
Invoking: MicroBlaze gcc linker
mb-gcc -Wl,-T -Wl,../src/lscript.ld -L../../Lab1A_bsp/microblaze_0/lib -mlittle-endian -mxl-barrel-shift -mxl-pattern-compare -mcpu=v9.6 -mno-xl-soft-mul -Wl,--no-relax -o "Lab1A.elf"  ./src/extra.o ./src/platform.o ./src/sevenSeg.o ./src/timing.o   -Wl,--start-group,-lxil,-lgcc,-lc,--end-group
Finished building target: Lab1A.elf
 
Invoking: MicroBlaze Print Size
mb-size Lab1A.elf  |tee "Lab1A.elf.size"
   text	   data	    bss	    dec	    hex	filename
  33572	   1512	   7388	  42472	   a5e8	Lab1A.elf
Finished building: Lab1A.elf.size
 
16:33:14 **** Incremental Build of configuration Debug for project Lab1A ****
make all 
make: Nothing to be done for `all'.
16:34:04 **** Auto Build of configuration Debug for project Lab1A ****
make all 
Building file: ../src/timing.c
Invoking: MicroBlaze gcc compiler
mb-gcc -Wall -O0 -g3 -c -fmessage-length=0 -MT"src/timing.o" -I../../Lab1A_bsp/microblaze_0/include -mlittle-endian -mxl-barrel-shift -mxl-pattern-compare -mcpu=v9.6 -mno-xl-soft-mul -Wl,--no-relax -MMD -MP -MF"src/timing.d" -MT"src/timing.o" -o "src/timing.o" "../src/timing.c"
In file included from ../src/extra.h:7:0,
                 from ../src/timing.c:13:
../../Lab1A_bsp/microblaze_0/include/xbasic_types.h:115:2: warning: #warning The xbasics_type.h file is deprecated and users should use xil_types.h and xil_assert. [-Wcpp]
 #warning  The xbasics_type.h file is deprecated and users should use xil_types.h and xil_assert.
  ^
../../Lab1A_bsp/microblaze_0/include/xbasic_types.h:116:2: warning: #warning Please refer the Standalone BSP UG647 for further details [-Wcpp]
 #warning  Please refer the Standalone BSP UG647 for further details
  ^
Finished building: ../src/timing.c
 
Building target: Lab1A.elf
Invoking: MicroBlaze gcc linker
mb-gcc -Wl,-T -Wl,../src/lscript.ld -L../../Lab1A_bsp/microblaze_0/lib -mlittle-endian -mxl-barrel-shift -mxl-pattern-compare -mcpu=v9.6 -mno-xl-soft-mul -Wl,--no-relax -o "Lab1A.elf"  ./src/extra.o ./src/platform.o ./src/sevenSeg.o ./src/timing.o   -Wl,--start-group,-lxil,-lgcc,-lc,--end-group
Finished building target: Lab1A.elf
 
Invoking: MicroBlaze Print Size
mb-size Lab1A.elf  |tee "Lab1A.elf.size"
   text	   data	    bss	    dec	    hex	filename
  33460	   1512	   7388	  42360	   a578	Lab1A.elf
Finished building: Lab1A.elf.size
 
16:34:14 **** Incremental Build of configuration Debug for project Lab1A ****
make all 
make: Nothing to be done for `all'.
16:37:00 **** Auto Build of configuration Debug for project Lab1A ****
make all 
Building file: ../src/timing.c
Invoking: MicroBlaze gcc compiler
mb-gcc -Wall -O0 -g3 -c -fmessage-length=0 -MT"src/timing.o" -I../../Lab1A_bsp/microblaze_0/include -mlittle-endian -mxl-barrel-shift -mxl-pattern-compare -mcpu=v9.6 -mno-xl-soft-mul -Wl,--no-relax -MMD -MP -MF"src/timing.d" -MT"src/timing.o" -o "src/timing.o" "../src/timing.c"
In file included from ../src/extra.h:7:0,
                 from ../src/timing.c:13:
../../Lab1A_bsp/microblaze_0/include/xbasic_types.h:115:2: warning: #warning The xbasics_type.h file is deprecated and users should use xil_types.h and xil_assert. [-Wcpp]
 #warning  The xbasics_type.h file is deprecated and users should use xil_types.h and xil_assert.
  ^
../../Lab1A_bsp/microblaze_0/include/xbasic_types.h:116:2: warning: #warning Please refer the Standalone BSP UG647 for further details [-Wcpp]
 #warning  Please refer the Standalone BSP UG647 for further details
  ^
Finished building: ../src/timing.c
 
Building target: Lab1A.elf
Invoking: MicroBlaze gcc linker
mb-gcc -Wl,-T -Wl,../src/lscript.ld -L../../Lab1A_bsp/microblaze_0/lib -mlittle-endian -mxl-barrel-shift -mxl-pattern-compare -mcpu=v9.6 -mno-xl-soft-mul -Wl,--no-relax -o "Lab1A.elf"  ./src/extra.o ./src/platform.o ./src/sevenSeg.o ./src/timing.o   -Wl,--start-group,-lxil,-lgcc,-lc,--end-group
Finished building target: Lab1A.elf
 
Invoking: MicroBlaze Print Size
mb-size Lab1A.elf  |tee "Lab1A.elf.size"
   text	   data	    bss	    dec	    hex	filename
  33460	   1512	   7388	  42360	   a578	Lab1A.elf
Finished building: Lab1A.elf.size
 
16:37:05 **** Incremental Build of configuration Debug for project Lab1A ****
make all 
make: Nothing to be done for `all'.
16:38:30 **** Auto Build of configuration Debug for project Lab1A ****
make all 
Building file: ../src/timing.c
Invoking: MicroBlaze gcc compiler
mb-gcc -Wall -O0 -g3 -c -fmessage-length=0 -MT"src/timing.o" -I../../Lab1A_bsp/microblaze_0/include -mlittle-endian -mxl-barrel-shift -mxl-pattern-compare -mcpu=v9.6 -mno-xl-soft-mul -Wl,--no-relax -MMD -MP -MF"src/timing.d" -MT"src/timing.o" -o "src/timing.o" "../src/timing.c"
In file included from ../src/extra.h:7:0,
                 from ../src/timing.c:13:
../../Lab1A_bsp/microblaze_0/include/xbasic_types.h:115:2: warning: #warning The xbasics_type.h file is deprecated and users should use xil_types.h and xil_assert. [-Wcpp]
 #warning  The xbasics_type.h file is deprecated and users should use xil_types.h and xil_assert.
  ^
../../Lab1A_bsp/microblaze_0/include/xbasic_types.h:116:2: warning: #warning Please refer the Standalone BSP UG647 for further details [-Wcpp]
 #warning  Please refer the Standalone BSP UG647 for further details
  ^
Finished building: ../src/timing.c
 
Building target: Lab1A.elf
Invoking: MicroBlaze gcc linker
mb-gcc -Wl,-T -Wl,../src/lscript.ld -L../../Lab1A_bsp/microblaze_0/lib -mlittle-endian -mxl-barrel-shift -mxl-pattern-compare -mcpu=v9.6 -mno-xl-soft-mul -Wl,--no-relax -o "Lab1A.elf"  ./src/extra.o ./src/platform.o ./src/sevenSeg.o ./src/timing.o   -Wl,--start-group,-lxil,-lgcc,-lc,--end-group
Finished building target: Lab1A.elf
 
Invoking: MicroBlaze Print Size
mb-size Lab1A.elf  |tee "Lab1A.elf.size"
   text	   data	    bss	    dec	    hex	filename
  32016	   1512	   7384	  40912	   9fd0	Lab1A.elf
Finished building: Lab1A.elf.size
 
16:38:43 **** Auto Build of configuration Debug for project Lab1A ****
make all 
Building file: ../src/timing.c
Invoking: MicroBlaze gcc compiler
mb-gcc -Wall -O0 -g3 -c -fmessage-length=0 -MT"src/timing.o" -I../../Lab1A_bsp/microblaze_0/include -mlittle-endian -mxl-barrel-shift -mxl-pattern-compare -mcpu=v9.6 -mno-xl-soft-mul -Wl,--no-relax -MMD -MP -MF"src/timing.d" -MT"src/timing.o" -o "src/timing.o" "../src/timing.c"
In file included from ../src/extra.h:7:0,
                 from ../src/timing.c:13:
../../Lab1A_bsp/microblaze_0/include/xbasic_types.h:115:2: warning: #warning The xbasics_type.h file is deprecated and users should use xil_types.h and xil_assert. [-Wcpp]
 #warning  The xbasics_type.h file is deprecated and users should use xil_types.h and xil_assert.
  ^
../../Lab1A_bsp/microblaze_0/include/xbasic_types.h:116:2: warning: #warning Please refer the Standalone BSP UG647 for further details [-Wcpp]
 #warning  Please refer the Standalone BSP UG647 for further details
  ^
Finished building: ../src/timing.c
 
Building target: Lab1A.elf
Invoking: MicroBlaze gcc linker
mb-gcc -Wl,-T -Wl,../src/lscript.ld -L../../Lab1A_bsp/microblaze_0/lib -mlittle-endian -mxl-barrel-shift -mxl-pattern-compare -mcpu=v9.6 -mno-xl-soft-mul -Wl,--no-relax -o "Lab1A.elf"  ./src/extra.o ./src/platform.o ./src/sevenSeg.o ./src/timing.o   -Wl,--start-group,-lxil,-lgcc,-lc,--end-group
Finished building target: Lab1A.elf
 
Invoking: MicroBlaze Print Size
mb-size Lab1A.elf  |tee "Lab1A.elf.size"
   text	   data	    bss	    dec	    hex	filename
  32016	   1512	   7384	  40912	   9fd0	Lab1A.elf
Finished building: Lab1A.elf.size
 
16:38:54 **** Incremental Build of configuration Debug for project Lab1A ****
make all 
make: Nothing to be done for `all'.
16:44:55 **** Auto Build of configuration Debug for project Lab1A ****
make all 
Building file: ../src/timing.c
Invoking: MicroBlaze gcc compiler
mb-gcc -Wall -O0 -g3 -c -fmessage-length=0 -MT"src/timing.o" -I../../Lab1A_bsp/microblaze_0/include -mlittle-endian -mxl-barrel-shift -mxl-pattern-compare -mcpu=v9.6 -mno-xl-soft-mul -Wl,--no-relax -MMD -MP -MF"src/timing.d" -MT"src/timing.o" -o "src/timing.o" "../src/timing.c"
In file included from ../src/extra.h:7:0,
                 from ../src/timing.c:13:
../../Lab1A_bsp/microblaze_0/include/xbasic_types.h:115:2: warning: #warning The xbasics_type.h file is deprecated and users should use xil_types.h and xil_assert. [-Wcpp]
 #warning  The xbasics_type.h file is deprecated and users should use xil_types.h and xil_assert.
  ^
../../Lab1A_bsp/microblaze_0/include/xbasic_types.h:116:2: warning: #warning Please refer the Standalone BSP UG647 for further details [-Wcpp]
 #warning  Please refer the Standalone BSP UG647 for further details
  ^
../src/timing.c: In function 'histogram':
../src/timing.c:201:2: error: expected ';' before 'xil_printf'
  xil_printf("Done!\n");
  ^
make: *** [src/timing.o] Error 1
16:45:18 **** Auto Build of configuration Debug for project Lab1A ****
make all 
Building file: ../src/timing.c
Invoking: MicroBlaze gcc compiler
mb-gcc -Wall -O0 -g3 -c -fmessage-length=0 -MT"src/timing.o" -I../../Lab1A_bsp/microblaze_0/include -mlittle-endian -mxl-barrel-shift -mxl-pattern-compare -mcpu=v9.6 -mno-xl-soft-mul -Wl,--no-relax -MMD -MP -MF"src/timing.d" -MT"src/timing.o" -o "src/timing.o" "../src/timing.c"
In file included from ../src/extra.h:7:0,
                 from ../src/timing.c:13:
../../Lab1A_bsp/microblaze_0/include/xbasic_types.h:115:2: warning: #warning The xbasics_type.h file is deprecated and users should use xil_types.h and xil_assert. [-Wcpp]
 #warning  The xbasics_type.h file is deprecated and users should use xil_types.h and xil_assert.
  ^
../../Lab1A_bsp/microblaze_0/include/xbasic_types.h:116:2: warning: #warning Please refer the Standalone BSP UG647 for further details [-Wcpp]
 #warning  Please refer the Standalone BSP UG647 for further details
  ^
Finished building: ../src/timing.c
 
Building target: Lab1A.elf
Invoking: MicroBlaze gcc linker
mb-gcc -Wl,-T -Wl,../src/lscript.ld -L../../Lab1A_bsp/microblaze_0/lib -mlittle-endian -mxl-barrel-shift -mxl-pattern-compare -mcpu=v9.6 -mno-xl-soft-mul -Wl,--no-relax -o "Lab1A.elf"  ./src/extra.o ./src/platform.o ./src/sevenSeg.o ./src/timing.o   -Wl,--start-group,-lxil,-lgcc,-lc,--end-group
Finished building target: Lab1A.elf
 
Invoking: MicroBlaze Print Size
mb-size Lab1A.elf  |tee "Lab1A.elf.size"
   text	   data	    bss	    dec	    hex	filename
  32056	   1512	   7384	  40952	   9ff8	Lab1A.elf
Finished building: Lab1A.elf.size
 
16:45:50 **** Incremental Build of configuration Debug for project Lab1A ****
make all 
make: Nothing to be done for `all'.
16:46:02 **** Auto Build of configuration Debug for project Lab1A ****
make all 
Building file: ../src/timing.c
Invoking: MicroBlaze gcc compiler
mb-gcc -Wall -O0 -g3 -c -fmessage-length=0 -MT"src/timing.o" -I../../Lab1A_bsp/microblaze_0/include -mlittle-endian -mxl-barrel-shift -mxl-pattern-compare -mcpu=v9.6 -mno-xl-soft-mul -Wl,--no-relax -MMD -MP -MF"src/timing.d" -MT"src/timing.o" -o "src/timing.o" "../src/timing.c"
In file included from ../src/extra.h:7:0,
                 from ../src/timing.c:13:
../../Lab1A_bsp/microblaze_0/include/xbasic_types.h:115:2: warning: #warning The xbasics_type.h file is deprecated and users should use xil_types.h and xil_assert. [-Wcpp]
 #warning  The xbasics_type.h file is deprecated and users should use xil_types.h and xil_assert.
  ^
../../Lab1A_bsp/microblaze_0/include/xbasic_types.h:116:2: warning: #warning Please refer the Standalone BSP UG647 for further details [-Wcpp]
 #warning  Please refer the Standalone BSP UG647 for further details
  ^
Finished building: ../src/timing.c
 
Building target: Lab1A.elf
Invoking: MicroBlaze gcc linker
mb-gcc -Wl,-T -Wl,../src/lscript.ld -L../../Lab1A_bsp/microblaze_0/lib -mlittle-endian -mxl-barrel-shift -mxl-pattern-compare -mcpu=v9.6 -mno-xl-soft-mul -Wl,--no-relax -o "Lab1A.elf"  ./src/extra.o ./src/platform.o ./src/sevenSeg.o ./src/timing.o   -Wl,--start-group,-lxil,-lgcc,-lc,--end-group
Finished building target: Lab1A.elf
 
Invoking: MicroBlaze Print Size
mb-size Lab1A.elf  |tee "Lab1A.elf.size"
   text	   data	    bss	    dec	    hex	filename
  32056	   1512	   7384	  40952	   9ff8	Lab1A.elf
Finished building: Lab1A.elf.size
 
16:46:06 **** Incremental Build of configuration Debug for project Lab1A ****
make all 
make: Nothing to be done for `all'.
16:46:36 **** Auto Build of configuration Debug for project Lab1A ****
make all 
Building file: ../src/timing.c
Invoking: MicroBlaze gcc compiler
mb-gcc -Wall -O0 -g3 -c -fmessage-length=0 -MT"src/timing.o" -I../../Lab1A_bsp/microblaze_0/include -mlittle-endian -mxl-barrel-shift -mxl-pattern-compare -mcpu=v9.6 -mno-xl-soft-mul -Wl,--no-relax -MMD -MP -MF"src/timing.d" -MT"src/timing.o" -o "src/timing.o" "../src/timing.c"
In file included from ../src/extra.h:7:0,
                 from ../src/timing.c:13:
../../Lab1A_bsp/microblaze_0/include/xbasic_types.h:115:2: warning: #warning The xbasics_type.h file is deprecated and users should use xil_types.h and xil_assert. [-Wcpp]
 #warning  The xbasics_type.h file is deprecated and users should use xil_types.h and xil_assert.
  ^
../../Lab1A_bsp/microblaze_0/include/xbasic_types.h:116:2: warning: #warning Please refer the Standalone BSP UG647 for further details [-Wcpp]
 #warning  Please refer the Standalone BSP UG647 for further details
  ^
Finished building: ../src/timing.c
 
Building target: Lab1A.elf
Invoking: MicroBlaze gcc linker
mb-gcc -Wl,-T -Wl,../src/lscript.ld -L../../Lab1A_bsp/microblaze_0/lib -mlittle-endian -mxl-barrel-shift -mxl-pattern-compare -mcpu=v9.6 -mno-xl-soft-mul -Wl,--no-relax -o "Lab1A.elf"  ./src/extra.o ./src/platform.o ./src/sevenSeg.o ./src/timing.o   -Wl,--start-group,-lxil,-lgcc,-lc,--end-group
Finished building target: Lab1A.elf
 
Invoking: MicroBlaze Print Size
mb-size Lab1A.elf  |tee "Lab1A.elf.size"
   text	   data	    bss	    dec	    hex	filename
  32056	   1512	   7384	  40952	   9ff8	Lab1A.elf
Finished building: Lab1A.elf.size
 
16:46:38 **** Auto Build of configuration Debug for project Lab1A ****
make all 
Building file: ../src/timing.c
Invoking: MicroBlaze gcc compiler
mb-gcc -Wall -O0 -g3 -c -fmessage-length=0 -MT"src/timing.o" -I../../Lab1A_bsp/microblaze_0/include -mlittle-endian -mxl-barrel-shift -mxl-pattern-compare -mcpu=v9.6 -mno-xl-soft-mul -Wl,--no-relax -MMD -MP -MF"src/timing.d" -MT"src/timing.o" -o "src/timing.o" "../src/timing.c"
In file included from ../src/extra.h:7:0,
                 from ../src/timing.c:13:
../../Lab1A_bsp/microblaze_0/include/xbasic_types.h:115:2: warning: #warning The xbasics_type.h file is deprecated and users should use xil_types.h and xil_assert. [-Wcpp]
 #warning  The xbasics_type.h file is deprecated and users should use xil_types.h and xil_assert.
  ^
../../Lab1A_bsp/microblaze_0/include/xbasic_types.h:116:2: warning: #warning Please refer the Standalone BSP UG647 for further details [-Wcpp]
 #warning  Please refer the Standalone BSP UG647 for further details
  ^
Finished building: ../src/timing.c
 
Building target: Lab1A.elf
Invoking: MicroBlaze gcc linker
mb-gcc -Wl,-T -Wl,../src/lscript.ld -L../../Lab1A_bsp/microblaze_0/lib -mlittle-endian -mxl-barrel-shift -mxl-pattern-compare -mcpu=v9.6 -mno-xl-soft-mul -Wl,--no-relax -o "Lab1A.elf"  ./src/extra.o ./src/platform.o ./src/sevenSeg.o ./src/timing.o   -Wl,--start-group,-lxil,-lgcc,-lc,--end-group
Finished building target: Lab1A.elf
 
Invoking: MicroBlaze Print Size
mb-size Lab1A.elf  |tee "Lab1A.elf.size"
   text	   data	    bss	    dec	    hex	filename
  32056	   1512	   7384	  40952	   9ff8	Lab1A.elf
Finished building: Lab1A.elf.size
 
16:51:38 **** Auto Build of configuration Debug for project Lab1A ****
make all 
Building file: ../src/timing.c
Invoking: MicroBlaze gcc compiler
mb-gcc -Wall -O0 -g3 -c -fmessage-length=0 -MT"src/timing.o" -I../../Lab1A_bsp/microblaze_0/include -mlittle-endian -mxl-barrel-shift -mxl-pattern-compare -mcpu=v9.6 -mno-xl-soft-mul -Wl,--no-relax -MMD -MP -MF"src/timing.d" -MT"src/timing.o" -o "src/timing.o" "../src/timing.c"
In file included from ../src/extra.h:7:0,
                 from ../src/timing.c:13:
../../Lab1A_bsp/microblaze_0/include/xbasic_types.h:115:2: warning: #warning The xbasics_type.h file is deprecated and users should use xil_types.h and xil_assert. [-Wcpp]
 #warning  The xbasics_type.h file is deprecated and users should use xil_types.h and xil_assert.
  ^
../../Lab1A_bsp/microblaze_0/include/xbasic_types.h:116:2: warning: #warning Please refer the Standalone BSP UG647 for further details [-Wcpp]
 #warning  Please refer the Standalone BSP UG647 for further details
  ^
Finished building: ../src/timing.c
 
Building target: Lab1A.elf
Invoking: MicroBlaze gcc linker
mb-gcc -Wl,-T -Wl,../src/lscript.ld -L../../Lab1A_bsp/microblaze_0/lib -mlittle-endian -mxl-barrel-shift -mxl-pattern-compare -mcpu=v9.6 -mno-xl-soft-mul -Wl,--no-relax -o "Lab1A.elf"  ./src/extra.o ./src/platform.o ./src/sevenSeg.o ./src/timing.o   -Wl,--start-group,-lxil,-lgcc,-lc,--end-group
Finished building target: Lab1A.elf
 
Invoking: MicroBlaze Print Size
mb-size Lab1A.elf  |tee "Lab1A.elf.size"
   text	   data	    bss	    dec	    hex	filename
  32056	   1512	   7368	  40936	   9fe8	Lab1A.elf
Finished building: Lab1A.elf.size
 
16:51:43 **** Incremental Build of configuration Debug for project Lab1A ****
make all 
make: Nothing to be done for `all'.
16:52:10 **** Auto Build of configuration Debug for project Lab1A ****
make all 
Building file: ../src/timing.c
Invoking: MicroBlaze gcc compiler
[...]
 #warning  Please refer the Standalone BSP UG647 for further details
  ^
Finished building: ../src/timing.c
 
Building target: Lab1A.elf
Invoking: MicroBlaze gcc linker
mb-gcc -Wl,-T -Wl,../src/lscript.ld -L../../Lab1A_bsp/microblaze_0/lib -mlittle-endian -mxl-barrel-shift -mxl-pattern-compare -mcpu=v9.6 -mno-xl-soft-mul -Wl,--no-relax -o "Lab1A.elf"  ./src/extra.o ./src/platform.o ./src/sevenSeg.o ./src/timing.o   -Wl,--start-group,-lxil,-lgcc,-lc,--end-group
Finished building target: Lab1A.elf
 
Invoking: MicroBlaze Print Size
mb-size Lab1A.elf  |tee "Lab1A.elf.size"
   text	   data	    bss	    dec	    hex	filename
  33128	   1512	   8408	  43048	   a828	Lab1A.elf
Finished building: Lab1A.elf.size
 
10:32:45 **** Auto Build of configuration Debug for project Lab1A ****
make all 
Building file: ../src/timing.c
Invoking: MicroBlaze gcc compiler
mb-gcc -Wall -O0 -g3 -c -fmessage-length=0 -MT"src/timing.o" -I../../Lab1A_bsp/microblaze_0/include -mlittle-endian -mxl-barrel-shift -mxl-pattern-compare -mcpu=v9.6 -mno-xl-soft-mul -Wl,--no-relax -MMD -MP -MF"src/timing.d" -MT"src/timing.o" -o "src/timing.o" "../src/timing.c"
In file included from ../src/extra.h:7:0,
                 from ../src/timing.c:13:
../../Lab1A_bsp/microblaze_0/include/xbasic_types.h:115:2: warning: #warning The xbasics_type.h file is deprecated and users should use xil_types.h and xil_assert. [-Wcpp]
 #warning  The xbasics_type.h file is deprecated and users should use xil_types.h and xil_assert.
  ^
../../Lab1A_bsp/microblaze_0/include/xbasic_types.h:116:2: warning: #warning Please refer the Standalone BSP UG647 for further details [-Wcpp]
 #warning  Please refer the Standalone BSP UG647 for further details
  ^
Finished building: ../src/timing.c
 
Building target: Lab1A.elf
Invoking: MicroBlaze gcc linker
mb-gcc -Wl,-T -Wl,../src/lscript.ld -L../../Lab1A_bsp/microblaze_0/lib -mlittle-endian -mxl-barrel-shift -mxl-pattern-compare -mcpu=v9.6 -mno-xl-soft-mul -Wl,--no-relax -o "Lab1A.elf"  ./src/extra.o ./src/platform.o ./src/sevenSeg.o ./src/timing.o   -Wl,--start-group,-lxil,-lgcc,-lc,--end-group
Finished building target: Lab1A.elf
 
Invoking: MicroBlaze Print Size
mb-size Lab1A.elf  |tee "Lab1A.elf.size"
   text	   data	    bss	    dec	    hex	filename
  33128	   1512	   8408	  43048	   a828	Lab1A.elf
Finished building: Lab1A.elf.size
 
10:32:52 **** Auto Build of configuration Debug for project Lab1A ****
make all 
Building file: ../src/timing.c
Invoking: MicroBlaze gcc compiler
mb-gcc -Wall -O0 -g3 -c -fmessage-length=0 -MT"src/timing.o" -I../../Lab1A_bsp/microblaze_0/include -mlittle-endian -mxl-barrel-shift -mxl-pattern-compare -mcpu=v9.6 -mno-xl-soft-mul -Wl,--no-relax -MMD -MP -MF"src/timing.d" -MT"src/timing.o" -o "src/timing.o" "../src/timing.c"
In file included from ../src/extra.h:7:0,
                 from ../src/timing.c:13:
../../Lab1A_bsp/microblaze_0/include/xbasic_types.h:115:2: warning: #warning The xbasics_type.h file is deprecated and users should use xil_types.h and xil_assert. [-Wcpp]
 #warning  The xbasics_type.h file is deprecated and users should use xil_types.h and xil_assert.
  ^
../../Lab1A_bsp/microblaze_0/include/xbasic_types.h:116:2: warning: #warning Please refer the Standalone BSP UG647 for further details [-Wcpp]
 #warning  Please refer the Standalone BSP UG647 for further details
  ^
Finished building: ../src/timing.c
 
Building target: Lab1A.elf
Invoking: MicroBlaze gcc linker
mb-gcc -Wl,-T -Wl,../src/lscript.ld -L../../Lab1A_bsp/microblaze_0/lib -mlittle-endian -mxl-barrel-shift -mxl-pattern-compare -mcpu=v9.6 -mno-xl-soft-mul -Wl,--no-relax -o "Lab1A.elf"  ./src/extra.o ./src/platform.o ./src/sevenSeg.o ./src/timing.o   -Wl,--start-group,-lxil,-lgcc,-lc,--end-group
Finished building target: Lab1A.elf
 
Invoking: MicroBlaze Print Size
mb-size Lab1A.elf  |tee "Lab1A.elf.size"
   text	   data	    bss	    dec	    hex	filename
  33148	   1512	   8412	  43072	   a840	Lab1A.elf
Finished building: Lab1A.elf.size
 
10:33:01 **** Incremental Build of configuration Debug for project Lab1A ****
make all 
make: Nothing to be done for `all'.
10:34:03 **** Auto Build of configuration Debug for project Lab1A ****
make all 
Building file: ../src/timing.c
Invoking: MicroBlaze gcc compiler
mb-gcc -Wall -O0 -g3 -c -fmessage-length=0 -MT"src/timing.o" -I../../Lab1A_bsp/microblaze_0/include -mlittle-endian -mxl-barrel-shift -mxl-pattern-compare -mcpu=v9.6 -mno-xl-soft-mul -Wl,--no-relax -MMD -MP -MF"src/timing.d" -MT"src/timing.o" -o "src/timing.o" "../src/timing.c"
In file included from ../src/extra.h:7:0,
                 from ../src/timing.c:13:
../../Lab1A_bsp/microblaze_0/include/xbasic_types.h:115:2: warning: #warning The xbasics_type.h file is deprecated and users should use xil_types.h and xil_assert. [-Wcpp]
 #warning  The xbasics_type.h file is deprecated and users should use xil_types.h and xil_assert.
  ^
../../Lab1A_bsp/microblaze_0/include/xbasic_types.h:116:2: warning: #warning Please refer the Standalone BSP UG647 for further details [-Wcpp]
 #warning  Please refer the Standalone BSP UG647 for further details
  ^
Finished building: ../src/timing.c
 
Building target: Lab1A.elf
Invoking: MicroBlaze gcc linker
mb-gcc -Wl,-T -Wl,../src/lscript.ld -L../../Lab1A_bsp/microblaze_0/lib -mlittle-endian -mxl-barrel-shift -mxl-pattern-compare -mcpu=v9.6 -mno-xl-soft-mul -Wl,--no-relax -o "Lab1A.elf"  ./src/extra.o ./src/platform.o ./src/sevenSeg.o ./src/timing.o   -Wl,--start-group,-lxil,-lgcc,-lc,--end-group
Finished building target: Lab1A.elf
 
Invoking: MicroBlaze Print Size
mb-size Lab1A.elf  |tee "Lab1A.elf.size"
   text	   data	    bss	    dec	    hex	filename
  31728	   1512	   8408	  41648	   a2b0	Lab1A.elf
Finished building: Lab1A.elf.size
 
10:34:21 **** Auto Build of configuration Debug for project Lab1A ****
make all 
Building file: ../src/timing.c
Invoking: MicroBlaze gcc compiler
mb-gcc -Wall -O0 -g3 -c -fmessage-length=0 -MT"src/timing.o" -I../../Lab1A_bsp/microblaze_0/include -mlittle-endian -mxl-barrel-shift -mxl-pattern-compare -mcpu=v9.6 -mno-xl-soft-mul -Wl,--no-relax -MMD -MP -MF"src/timing.d" -MT"src/timing.o" -o "src/timing.o" "../src/timing.c"
In file included from ../src/extra.h:7:0,
                 from ../src/timing.c:13:
../../Lab1A_bsp/microblaze_0/include/xbasic_types.h:115:2: warning: #warning The xbasics_type.h file is deprecated and users should use xil_types.h and xil_assert. [-Wcpp]
 #warning  The xbasics_type.h file is deprecated and users should use xil_types.h and xil_assert.
  ^
../../Lab1A_bsp/microblaze_0/include/xbasic_types.h:116:2: warning: #warning Please refer the Standalone BSP UG647 for further details [-Wcpp]
 #warning  Please refer the Standalone BSP UG647 for further details
  ^
../src/timing.c: In function 'blinkLED':
../src/timing.c:144:18: error: 'i' undeclared (first use in this function)
  for (int j = 0; i < 100000000; i++)
                  ^
../src/timing.c:144:18: note: each undeclared identifier is reported only once for each function it appears in
../src/timing.c:144:11: warning: unused variable 'j' [-Wunused-variable]
  for (int j = 0; i < 100000000; i++)
           ^
make: *** [src/timing.o] Error 1
10:34:24 **** Auto Build of configuration Debug for project Lab1A ****
make all 
Building file: ../src/timing.c
Invoking: MicroBlaze gcc compiler
mb-gcc -Wall -O0 -g3 -c -fmessage-length=0 -MT"src/timing.o" -I../../Lab1A_bsp/microblaze_0/include -mlittle-endian -mxl-barrel-shift -mxl-pattern-compare -mcpu=v9.6 -mno-xl-soft-mul -Wl,--no-relax -MMD -MP -MF"src/timing.d" -MT"src/timing.o" -o "src/timing.o" "../src/timing.c"
In file included from ../src/extra.h:7:0,
                 from ../src/timing.c:13:
../../Lab1A_bsp/microblaze_0/include/xbasic_types.h:115:2: warning: #warning The xbasics_type.h file is deprecated and users should use xil_types.h and xil_assert. [-Wcpp]
 #warning  The xbasics_type.h file is deprecated and users should use xil_types.h and xil_assert.
  ^
../../Lab1A_bsp/microblaze_0/include/xbasic_types.h:116:2: warning: #warning Please refer the Standalone BSP UG647 for further details [-Wcpp]
 #warning  Please refer the Standalone BSP UG647 for further details
  ^
../src/timing.c: In function 'blinkLED':
../src/timing.c:144:18: error: 'i' undeclared (first use in this function)
  for (int j = 0; i < 100000000; j++)
                  ^
../src/timing.c:144:18: note: each undeclared identifier is reported only once for each function it appears in
make: *** [src/timing.o] Error 1
10:34:34 **** Auto Build of configuration Debug for project Lab1A ****
make all 
Building file: ../src/timing.c
Invoking: MicroBlaze gcc compiler
mb-gcc -Wall -O0 -g3 -c -fmessage-length=0 -MT"src/timing.o" -I../../Lab1A_bsp/microblaze_0/include -mlittle-endian -mxl-barrel-shift -mxl-pattern-compare -mcpu=v9.6 -mno-xl-soft-mul -Wl,--no-relax -MMD -MP -MF"src/timing.d" -MT"src/timing.o" -o "src/timing.o" "../src/timing.c"
In file included from ../src/extra.h:7:0,
                 from ../src/timing.c:13:
../../Lab1A_bsp/microblaze_0/include/xbasic_types.h:115:2: warning: #warning The xbasics_type.h file is deprecated and users should use xil_types.h and xil_assert. [-Wcpp]
 #warning  The xbasics_type.h file is deprecated and users should use xil_types.h and xil_assert.
  ^
../../Lab1A_bsp/microblaze_0/include/xbasic_types.h:116:2: warning: #warning Please refer the Standalone BSP UG647 for further details [-Wcpp]
 #warning  Please refer the Standalone BSP UG647 for further details
  ^
Finished building: ../src/timing.c
 
Building target: Lab1A.elf
Invoking: MicroBlaze gcc linker
mb-gcc -Wl,-T -Wl,../src/lscript.ld -L../../Lab1A_bsp/microblaze_0/lib -mlittle-endian -mxl-barrel-shift -mxl-pattern-compare -mcpu=v9.6 -mno-xl-soft-mul -Wl,--no-relax -o "Lab1A.elf"  ./src/extra.o ./src/platform.o ./src/sevenSeg.o ./src/timing.o   -Wl,--start-group,-lxil,-lgcc,-lc,--end-group
Finished building target: Lab1A.elf
 
Invoking: MicroBlaze Print Size
mb-size Lab1A.elf  |tee "Lab1A.elf.size"
   text	   data	    bss	    dec	    hex	filename
  31824	   1512	   8408	  41744	   a310	Lab1A.elf
Finished building: Lab1A.elf.size
 
10:34:37 **** Auto Build of configuration Debug for project Lab1A ****
make all 
Building file: ../src/timing.c
Invoking: MicroBlaze gcc compiler
mb-gcc -Wall -O0 -g3 -c -fmessage-length=0 -MT"src/timing.o" -I../../Lab1A_bsp/microblaze_0/include -mlittle-endian -mxl-barrel-shift -mxl-pattern-compare -mcpu=v9.6 -mno-xl-soft-mul -Wl,--no-relax -MMD -MP -MF"src/timing.d" -MT"src/timing.o" -o "src/timing.o" "../src/timing.c"
In file included from ../src/extra.h:7:0,
                 from ../src/timing.c:13:
../../Lab1A_bsp/microblaze_0/include/xbasic_types.h:115:2: warning: #warning The xbasics_type.h file is deprecated and users should use xil_types.h and xil_assert. [-Wcpp]
 #warning  The xbasics_type.h file is deprecated and users should use xil_types.h and xil_assert.
  ^
../../Lab1A_bsp/microblaze_0/include/xbasic_types.h:116:2: warning: #warning Please refer the Standalone BSP UG647 for further details [-Wcpp]
 #warning  Please refer the Standalone BSP UG647 for further details
  ^
Finished building: ../src/timing.c
 
Building target: Lab1A.elf
Invoking: MicroBlaze gcc linker
mb-gcc -Wl,-T -Wl,../src/lscript.ld -L../../Lab1A_bsp/microblaze_0/lib -mlittle-endian -mxl-barrel-shift -mxl-pattern-compare -mcpu=v9.6 -mno-xl-soft-mul -Wl,--no-relax -o "Lab1A.elf"  ./src/extra.o ./src/platform.o ./src/sevenSeg.o ./src/timing.o   -Wl,--start-group,-lxil,-lgcc,-lc,--end-group
Finished building target: Lab1A.elf
 
Invoking: MicroBlaze Print Size
mb-size Lab1A.elf  |tee "Lab1A.elf.size"
   text	   data	    bss	    dec	    hex	filename
  31824	   1512	   8408	  41744	   a310	Lab1A.elf
Finished building: Lab1A.elf.size
 
10:34:39 **** Incremental Build of configuration Debug for project Lab1A ****
make all 
make: Nothing to be done for `all'.
10:35:00 **** Auto Build of configuration Debug for project Lab1A ****
make all 
Building file: ../src/timing.c
Invoking: MicroBlaze gcc compiler
mb-gcc -Wall -O0 -g3 -c -fmessage-length=0 -MT"src/timing.o" -I../../Lab1A_bsp/microblaze_0/include -mlittle-endian -mxl-barrel-shift -mxl-pattern-compare -mcpu=v9.6 -mno-xl-soft-mul -Wl,--no-relax -MMD -MP -MF"src/timing.d" -MT"src/timing.o" -o "src/timing.o" "../src/timing.c"
In file included from ../src/extra.h:7:0,
                 from ../src/timing.c:13:
../../Lab1A_bsp/microblaze_0/include/xbasic_types.h:115:2: warning: #warning The xbasics_type.h file is deprecated and users should use xil_types.h and xil_assert. [-Wcpp]
 #warning  The xbasics_type.h file is deprecated and users should use xil_types.h and xil_assert.
  ^
../../Lab1A_bsp/microblaze_0/include/xbasic_types.h:116:2: warning: #warning Please refer the Standalone BSP UG647 for further details [-Wcpp]
 #warning  Please refer the Standalone BSP UG647 for further details
  ^
Finished building: ../src/timing.c
 
Building target: Lab1A.elf
Invoking: MicroBlaze gcc linker
mb-gcc -Wl,-T -Wl,../src/lscript.ld -L../../Lab1A_bsp/microblaze_0/lib -mlittle-endian -mxl-barrel-shift -mxl-pattern-compare -mcpu=v9.6 -mno-xl-soft-mul -Wl,--no-relax -o "Lab1A.elf"  ./src/extra.o ./src/platform.o ./src/sevenSeg.o ./src/timing.o   -Wl,--start-group,-lxil,-lgcc,-lc,--end-group
Finished building target: Lab1A.elf
 
Invoking: MicroBlaze Print Size
mb-size Lab1A.elf  |tee "Lab1A.elf.size"
   text	   data	    bss	    dec	    hex	filename
  31820	   1512	   8412	  41744	   a310	Lab1A.elf
Finished building: Lab1A.elf.size
 
10:35:05 **** Auto Build of configuration Debug for project Lab1A ****
make all 
Building file: ../src/timing.c
Invoking: MicroBlaze gcc compiler
mb-gcc -Wall -O0 -g3 -c -fmessage-length=0 -MT"src/timing.o" -I../../Lab1A_bsp/microblaze_0/include -mlittle-endian -mxl-barrel-shift -mxl-pattern-compare -mcpu=v9.6 -mno-xl-soft-mul -Wl,--no-relax -MMD -MP -MF"src/timing.d" -MT"src/timing.o" -o "src/timing.o" "../src/timing.c"
In file included from ../src/extra.h:7:0,
                 from ../src/timing.c:13:
../../Lab1A_bsp/microblaze_0/include/xbasic_types.h:115:2: warning: #warning The xbasics_type.h file is deprecated and users should use xil_types.h and xil_assert. [-Wcpp]
 #warning  The xbasics_type.h file is deprecated and users should use xil_types.h and xil_assert.
  ^
../../Lab1A_bsp/microblaze_0/include/xbasic_types.h:116:2: warning: #warning Please refer the Standalone BSP UG647 for further details [-Wcpp]
 #warning  Please refer the Standalone BSP UG647 for further details
  ^
Finished building: ../src/timing.c
 
Building target: Lab1A.elf
Invoking: MicroBlaze gcc linker
mb-gcc -Wl,-T -Wl,../src/lscript.ld -L../../Lab1A_bsp/microblaze_0/lib -mlittle-endian -mxl-barrel-shift -mxl-pattern-compare -mcpu=v9.6 -mno-xl-soft-mul -Wl,--no-relax -o "Lab1A.elf"  ./src/extra.o ./src/platform.o ./src/sevenSeg.o ./src/timing.o   -Wl,--start-group,-lxil,-lgcc,-lc,--end-group
Finished building target: Lab1A.elf
 
Invoking: MicroBlaze Print Size
mb-size Lab1A.elf  |tee "Lab1A.elf.size"
   text	   data	    bss	    dec	    hex	filename
  31816	   1512	   8408	  41736	   a308	Lab1A.elf
Finished building: Lab1A.elf.size
 
10:35:06 **** Incremental Build of configuration Debug for project Lab1A ****
make all 
make: Nothing to be done for `all'.
10:35:45 **** Auto Build of configuration Debug for project Lab1A ****
make all 
Building file: ../src/timing.c
Invoking: MicroBlaze gcc compiler
mb-gcc -Wall -O0 -g3 -c -fmessage-length=0 -MT"src/timing.o" -I../../Lab1A_bsp/microblaze_0/include -mlittle-endian -mxl-barrel-shift -mxl-pattern-compare -mcpu=v9.6 -mno-xl-soft-mul -Wl,--no-relax -MMD -MP -MF"src/timing.d" -MT"src/timing.o" -o "src/timing.o" "../src/timing.c"
In file included from ../src/extra.h:7:0,
                 from ../src/timing.c:13:
../../Lab1A_bsp/microblaze_0/include/xbasic_types.h:115:2: warning: #warning The xbasics_type.h file is deprecated and users should use xil_types.h and xil_assert. [-Wcpp]
 #warning  The xbasics_type.h file is deprecated and users should use xil_types.h and xil_assert.
  ^
../../Lab1A_bsp/microblaze_0/include/xbasic_types.h:116:2: warning: #warning Please refer the Standalone BSP UG647 for further details [-Wcpp]
 #warning  Please refer the Standalone BSP UG647 for further details
  ^
Finished building: ../src/timing.c
 
Building target: Lab1A.elf
Invoking: MicroBlaze gcc linker
mb-gcc -Wl,-T -Wl,../src/lscript.ld -L../../Lab1A_bsp/microblaze_0/lib -mlittle-endian -mxl-barrel-shift -mxl-pattern-compare -mcpu=v9.6 -mno-xl-soft-mul -Wl,--no-relax -o "Lab1A.elf"  ./src/extra.o ./src/platform.o ./src/sevenSeg.o ./src/timing.o   -Wl,--start-group,-lxil,-lgcc,-lc,--end-group
Finished building target: Lab1A.elf
 
Invoking: MicroBlaze Print Size
mb-size Lab1A.elf  |tee "Lab1A.elf.size"
   text	   data	    bss	    dec	    hex	filename
  31852	   1512	   8412	  41776	   a330	Lab1A.elf
Finished building: Lab1A.elf.size
 
10:35:57 **** Auto Build of configuration Debug for project Lab1A ****
make all 
Building file: ../src/timing.c
Invoking: MicroBlaze gcc compiler
mb-gcc -Wall -O0 -g3 -c -fmessage-length=0 -MT"src/timing.o" -I../../Lab1A_bsp/microblaze_0/include -mlittle-endian -mxl-barrel-shift -mxl-pattern-compare -mcpu=v9.6 -mno-xl-soft-mul -Wl,--no-relax -MMD -MP -MF"src/timing.d" -MT"src/timing.o" -o "src/timing.o" "../src/timing.c"
In file included from ../src/extra.h:7:0,
                 from ../src/timing.c:13:
../../Lab1A_bsp/microblaze_0/include/xbasic_types.h:115:2: warning: #warning The xbasics_type.h file is deprecated and users should use xil_types.h and xil_assert. [-Wcpp]
 #warning  The xbasics_type.h file is deprecated and users should use xil_types.h and xil_assert.
  ^
../../Lab1A_bsp/microblaze_0/include/xbasic_types.h:116:2: warning: #warning Please refer the Standalone BSP UG647 for further details [-Wcpp]
 #warning  Please refer the Standalone BSP UG647 for further details
  ^
../src/timing.c: In function 'blinkLED':
../src/timing.c:285:1: error: expected declaration or statement at end of input
 }
 ^
make: *** [src/timing.o] Error 1
10:36:00 **** Auto Build of configuration Debug for project Lab1A ****
make all 
Building file: ../src/timing.c
Invoking: MicroBlaze gcc compiler
mb-gcc -Wall -O0 -g3 -c -fmessage-length=0 -MT"src/timing.o" -I../../Lab1A_bsp/microblaze_0/include -mlittle-endian -mxl-barrel-shift -mxl-pattern-compare -mcpu=v9.6 -mno-xl-soft-mul -Wl,--no-relax -MMD -MP -MF"src/timing.d" -MT"src/timing.o" -o "src/timing.o" "../src/timing.c"
In file included from ../src/extra.h:7:0,
                 from ../src/timing.c:13:
../../Lab1A_bsp/microblaze_0/include/xbasic_types.h:115:2: warning: #warning The xbasics_type.h file is deprecated and users should use xil_types.h and xil_assert. [-Wcpp]
 #warning  The xbasics_type.h file is deprecated and users should use xil_types.h and xil_assert.
  ^
../../Lab1A_bsp/microblaze_0/include/xbasic_types.h:116:2: warning: #warning Please refer the Standalone BSP UG647 for further details [-Wcpp]
 #warning  Please refer the Standalone BSP UG647 for further details
  ^
Finished building: ../src/timing.c
 
Building target: Lab1A.elf
Invoking: MicroBlaze gcc linker
mb-gcc -Wl,-T -Wl,../src/lscript.ld -L../../Lab1A_bsp/microblaze_0/lib -mlittle-endian -mxl-barrel-shift -mxl-pattern-compare -mcpu=v9.6 -mno-xl-soft-mul -Wl,--no-relax -o "Lab1A.elf"  ./src/extra.o ./src/platform.o ./src/sevenSeg.o ./src/timing.o   -Wl,--start-group,-lxil,-lgcc,-lc,--end-group
Finished building target: Lab1A.elf
 
Invoking: MicroBlaze Print Size
mb-size Lab1A.elf  |tee "Lab1A.elf.size"
   text	   data	    bss	    dec	    hex	filename
  31852	   1512	   8412	  41776	   a330	Lab1A.elf
Finished building: Lab1A.elf.size
 
10:36:04 **** Incremental Build of configuration Debug for project Lab1A ****
make all 
make: Nothing to be done for `all'.
17:58:56 **** Auto Build of configuration Debug for project Lab1A ****
make all 
make: Nothing to be done for `all'.
